05:36:16 **** Build of project start_bsp ****
make -k all 

C:\AI\AIFPGA\sv\sv.sdk\start_bsp>DOSKEY sim =cd C:\AI\AIFPGA\sv\sv.srcs\sources_1\sim 

C:\AI\AIFPGA\sv\sv.sdk\start_bsp>DOSKEY yolo =cd C:\AI\AIYolo 

C:\AI\AIFPGA\sv\sv.sdk\start_bsp>DOSKEY aisim =cd C:\AI\AISim\AISim\Release 
"Running Make include in ps7_cortexa9_0/libsrc/coresightps_dcc_v1_4/src"
D:/Xilinx/SDK/2018.3/gnuwin/bin/make -C ps7_cortexa9_0/libsrc/coresightps_dcc_v1_4/src -s include  "SHELL=CMD" "COMPILER=arm-none-eabi-gcc" "ARCHIVER=arm-none-eabi-ar" "COMPILER_FLAGS=  -O2 -c" "EXTRA_COMPILER_FLAGS=-mcpu=cortex-a9 -mfpu=vfpv3 -mfloat-abi=hard -nostartfiles -g -Wall -Wextra"

C:\AI\AIFPGA\sv\sv.sdk\start_bsp>DOSKEY sim =cd C:\AI\AIFPGA\sv\sv.srcs\sources_1\sim 

C:\AI\AIFPGA\sv\sv.sdk\start_bsp>DOSKEY yolo =cd C:\AI\AIYolo 

C:\AI\AIFPGA\sv\sv.sdk\start_bsp>DOSKEY aisim =cd C:\AI\AISim\AISim\Release 
"Running Make include in ps7_cortexa9_0/libsrc/cpu_cortexa9_v2_7/src"
D:/Xilinx/SDK/2018.3/gnuwin/bin/make -C ps7_cortexa9_0/libsrc/cpu_cortexa9_v2_7/src -s include  "SHELL=CMD" "COMPILER=arm-none-eabi-gcc" "ARCHIVER=arm-none-eabi-ar" "COMPILER_FLAGS=  -O2 -c" "EXTRA_COMPILER_FLAGS=-mcpu=cortex-a9 -mfpu=vfpv3 -mfloat-abi=hard -nostartfiles -g -Wall -Wextra"

C:\AI\AIFPGA\sv\sv.sdk\start_bsp>DOSKEY sim =cd C:\AI\AIFPGA\sv\sv.srcs\sources_1\sim 

C:\AI\AIFPGA\sv\sv.sdk\start_bsp>DOSKEY yolo =cd C:\AI\AIYolo 

C:\AI\AIFPGA\sv\sv.sdk\start_bsp>DOSKEY aisim =cd C:\AI\AISim\AISim\Release 
"Running Make include in ps7_cortexa9_0/libsrc/ddrps_v1_0/src"
D:/Xilinx/SDK/2018.3/gnuwin/bin/make -C ps7_cortexa9_0/libsrc/ddrps_v1_0/src -s include  "SHELL=CMD" "COMPILER=arm-none-eabi-gcc" "ARCHIVER=arm-none-eabi-ar" "COMPILER_FLAGS=  -O2 -c" "EXTRA_COMPILER_FLAGS=-mcpu=cortex-a9 -mfpu=vfpv3 -mfloat-abi=hard -nostartfiles -g -Wall -Wextra"

C:\AI\AIFPGA\sv\sv.sdk\start_bsp>DOSKEY sim =cd C:\AI\AIFPGA\sv\sv.srcs\sources_1\sim 

C:\AI\AIFPGA\sv\sv.sdk\start_bsp>DOSKEY yolo =cd C:\AI\AIYolo 

C:\AI\AIFPGA\sv\sv.sdk\start_bsp>DOSKEY aisim =cd C:\AI\AISim\AISim\Release 
"Running Make include in ps7_cortexa9_0/libsrc/devcfg_v3_5/src"
D:/Xilinx/SDK/2018.3/gnuwin/bin/make -C ps7_cortexa9_0/libsrc/devcfg_v3_5/src -s include  "SHELL=CMD" "COMPILER=arm-none-eabi-gcc" "ARCHIVER=arm-none-eabi-ar" "COMPILER_FLAGS=  -O2 -c" "EXTRA_COMPILER_FLAGS=-mcpu=cortex-a9 -mfpu=vfpv3 -mfloat-abi=hard -nostartfiles -g -Wall -Wextra"

C:\AI\AIFPGA\sv\sv.sdk\start_bsp>DOSKEY sim =cd C:\AI\AIFPGA\sv\sv.srcs\sources_1\sim 

C:\AI\AIFPGA\sv\sv.sdk\start_bsp>DOSKEY yolo =cd C:\AI\AIYolo 

C:\AI\AIFPGA\sv\sv.sdk\start_bsp>DOSKEY aisim =cd C:\AI\AISim\AISim\Release 
"Running Make include in ps7_cortexa9_0/libsrc/dmaps_v2_4/src"
D:/Xilinx/SDK/2018.3/gnuwin/bin/make -C ps7_cortexa9_0/libsrc/dmaps_v2_4/src -s include  "SHELL=CMD" "COMPILER=arm-none-eabi-gcc" "ARCHIVER=arm-none-eabi-ar" "COMPILER_FLAGS=  -O2 -c" "EXTRA_COMPILER_FLAGS=-mcpu=cortex-a9 -mfpu=vfpv3 -mfloat-abi=hard -nostartfiles -g -Wall -Wextra"

C:\AI\AIFPGA\sv\sv.sdk\start_bsp>DOSKEY sim =cd C:\AI\AIFPGA\sv\sv.srcs\sources_1\sim 

C:\AI\AIFPGA\sv\sv.sdk\start_bsp>DOSKEY yolo =cd C:\AI\AIYolo 

C:\AI\AIFPGA\sv\sv.sdk\start_bsp>DOSKEY aisim =cd C:\AI\AISim\AISim\Release 
"Running Make include in ps7_cortexa9_0/libsrc/scugic_v3_10/src"
D:/Xilinx/SDK/2018.3/gnuwin/bin/make -C ps7_cortexa9_0/libsrc/scugic_v3_10/src -s include  "SHELL=CMD" "COMPILER=arm-none-eabi-gcc" "ARCHIVER=arm-none-eabi-ar" "COMPILER_FLAGS=  -O2 -c" "EXTRA_COMPILER_FLAGS=-mcpu=cortex-a9 -mfpu=vfpv3 -mfloat-abi=hard -nostartfiles -g -Wall -Wextra"

C:\AI\AIFPGA\sv\sv.sdk\start_bsp>DOSKEY sim =cd C:\AI\AIFPGA\sv\sv.srcs\sources_1\sim 

C:\AI\AIFPGA\sv\sv.sdk\start_bsp>DOSKEY yolo =cd C:\AI\AIYolo 

C:\AI\AIFPGA\sv\sv.sdk\start_bsp>DOSKEY aisim =cd C:\AI\AISim\AISim\Release 
"Running Make include in ps7_cortexa9_0/libsrc/scutimer_v2_1/src"
D:/Xilinx/SDK/2018.3/gnuwin/bin/make -C ps7_cortexa9_0/libsrc/scutimer_v2_1/src -s include  "SHELL=CMD" "COMPILER=arm-none-eabi-gcc" "ARCHIVER=arm-none-eabi-ar" "COMPILER_FLAGS=  -O2 -c" "EXTRA_COMPILER_FLAGS=-mcpu=cortex-a9 -mfpu=vfpv3 -mfloat-abi=hard -nostartfiles -g -Wall -Wextra"

C:\AI\AIFPGA\sv\sv.sdk\start_bsp>DOSKEY sim =cd C:\AI\AIFPGA\sv\sv.srcs\sources_1\sim 

C:\AI\AIFPGA\sv\sv.sdk\start_bsp>DOSKEY yolo =cd C:\AI\AIYolo 

C:\AI\AIFPGA\sv\sv.sdk\start_bsp>DOSKEY aisim =cd C:\AI\AISim\AISim\Release 
"Running Make include in ps7_cortexa9_0/libsrc/scuwdt_v2_1/src"
D:/Xilinx/SDK/2018.3/gnuwin/bin/make -C ps7_cortexa9_0/libsrc/scuwdt_v2_1/src -s include  "SHELL=CMD" "COMPILER=arm-none-eabi-gcc" "ARCHIVER=arm-none-eabi-ar" "COMPILER_FLAGS=  -O2 -c" "EXTRA_COMPILER_FLAGS=-mcpu=cortex-a9 -mfpu=vfpv3 -mfloat-abi=hard -nostartfiles -g -Wall -Wextra"

C:\AI\AIFPGA\sv\sv.sdk\start_bsp>DOSKEY sim =cd C:\AI\AIFPGA\sv\sv.srcs\sources_1\sim 

C:\AI\AIFPGA\sv\sv.sdk\start_bsp>DOSKEY yolo =cd C:\AI\AIYolo 

C:\AI\AIFPGA\sv\sv.sdk\start_bsp>DOSKEY aisim =cd C:\AI\AISim\AISim\Release 
"Running Make include in ps7_cortexa9_0/libsrc/standalone_v6_8/src"
D:/Xilinx/SDK/2018.3/gnuwin/bin/make -C ps7_cortexa9_0/libsrc/standalone_v6_8/src -s include  "SHELL=CMD" "COMPILER=arm-none-eabi-gcc" "ARCHIVER=arm-none-eabi-ar" "COMPILER_FLAGS=  -O2 -c" "EXTRA_COMPILER_FLAGS=-mcpu=cortex-a9 -mfpu=vfpv3 -mfloat-abi=hard -nostartfiles -g -Wall -Wextra"

C:\AI\AIFPGA\sv\sv.sdk\start_bsp>DOSKEY sim =cd C:\AI\AIFPGA\sv\sv.srcs\sources_1\sim 

C:\AI\AIFPGA\sv\sv.sdk\start_bsp>DOSKEY yolo =cd C:\AI\AIYolo 

C:\AI\AIFPGA\sv\sv.sdk\start_bsp>DOSKEY aisim =cd C:\AI\AISim\AISim\Release 
"Running Make include in ps7_cortexa9_0/libsrc/uartps_v3_7/src"
D:/Xilinx/SDK/2018.3/gnuwin/bin/make -C ps7_cortexa9_0/libsrc/uartps_v3_7/src -s include  "SHELL=CMD" "COMPILER=arm-none-eabi-gcc" "ARCHIVER=arm-none-eabi-ar" "COMPILER_FLAGS=  -O2 -c" "EXTRA_COMPILER_FLAGS=-mcpu=cortex-a9 -mfpu=vfpv3 -mfloat-abi=hard -nostartfiles -g -Wall -Wextra"

C:\AI\AIFPGA\sv\sv.sdk\start_bsp>DOSKEY sim =cd C:\AI\AIFPGA\sv\sv.srcs\sources_1\sim 

C:\AI\AIFPGA\sv\sv.sdk\start_bsp>DOSKEY yolo =cd C:\AI\AIYolo 

C:\AI\AIFPGA\sv\sv.sdk\start_bsp>DOSKEY aisim =cd C:\AI\AISim\AISim\Release 
"Running Make include in ps7_cortexa9_0/libsrc/xadcps_v2_3/src"
D:/Xilinx/SDK/2018.3/gnuwin/bin/make -C ps7_cortexa9_0/libsrc/xadcps_v2_3/src -s include  "SHELL=CMD" "COMPILER=arm-none-eabi-gcc" "ARCHIVER=arm-none-eabi-ar" "COMPILER_FLAGS=  -O2 -c" "EXTRA_COMPILER_FLAGS=-mcpu=cortex-a9 -mfpu=vfpv3 -mfloat-abi=hard -nostartfiles -g -Wall -Wextra"

C:\AI\AIFPGA\sv\sv.sdk\start_bsp>DOSKEY sim =cd C:\AI\AIFPGA\sv\sv.srcs\sources_1\sim 

C:\AI\AIFPGA\sv\sv.sdk\start_bsp>DOSKEY yolo =cd C:\AI\AIYolo 

C:\AI\AIFPGA\sv\sv.sdk\start_bsp>DOSKEY aisim =cd C:\AI\AISim\AISim\Release 
"Running Make libs in ps7_cortexa9_0/libsrc/coresightps_dcc_v1_4/src"
D:/Xilinx/SDK/2018.3/gnuwin/bin/make -C ps7_cortexa9_0/libsrc/coresightps_dcc_v1_4/src -s libs  "SHELL=CMD" "COMPILER=arm-none-eabi-gcc" "ARCHIVER=arm-none-eabi-ar" "COMPILER_FLAGS=  -O2 -c" "EXTRA_COMPILER_FLAGS=-mcpu=cortex-a9 -mfpu=vfpv3 -mfloat-abi=hard -nostartfiles -g -Wall -Wextra"

C:\AI\AIFPGA\sv\sv.sdk\start_bsp\ps7_cortexa9_0\libsrc\coresightps_dcc_v1_4\src>DOSKEY sim =cd C:\AI\AIFPGA\sv\sv.srcs\sources_1\sim 

C:\AI\AIFPGA\sv\sv.sdk\start_bsp\ps7_cortexa9_0\libsrc\coresightps_dcc_v1_4\src>DOSKEY yolo =cd C:\AI\AIYolo 

C:\AI\AIFPGA\sv\sv.sdk\start_bsp\ps7_cortexa9_0\libsrc\coresightps_dcc_v1_4\src>DOSKEY aisim =cd C:\AI\AISim\AISim\Release 
"Compiling coresightps_dcc"
arm-none-eabi-ar: creating ../../../lib/libxil.a

C:\AI\AIFPGA\sv\sv.sdk\start_bsp>DOSKEY sim =cd C:\AI\AIFPGA\sv\sv.srcs\sources_1\sim 

C:\AI\AIFPGA\sv\sv.sdk\start_bsp>DOSKEY yolo =cd C:\AI\AIYolo 

C:\AI\AIFPGA\sv\sv.sdk\start_bsp>DOSKEY aisim =cd C:\AI\AISim\AISim\Release 
"Running Make libs in ps7_cortexa9_0/libsrc/cpu_cortexa9_v2_7/src"
D:/Xilinx/SDK/2018.3/gnuwin/bin/make -C ps7_cortexa9_0/libsrc/cpu_cortexa9_v2_7/src -s libs  "SHELL=CMD" "COMPILER=arm-none-eabi-gcc" "ARCHIVER=arm-none-eabi-ar" "COMPILER_FLAGS=  -O2 -c" "EXTRA_COMPILER_FLAGS=-mcpu=cortex-a9 -mfpu=vfpv3 -mfloat-abi=hard -nostartfiles -g -Wall -Wextra"

C:\AI\AIFPGA\sv\sv.sdk\start_bsp\ps7_cortexa9_0\libsrc\cpu_cortexa9_v2_7\src>DOSKEY sim =cd C:\AI\AIFPGA\sv\sv.srcs\sources_1\sim 

C:\AI\AIFPGA\sv\sv.sdk\start_bsp\ps7_cortexa9_0\libsrc\cpu_cortexa9_v2_7\src>DOSKEY yolo =cd C:\AI\AIYolo 

C:\AI\AIFPGA\sv\sv.sdk\start_bsp\ps7_cortexa9_0\libsrc\cpu_cortexa9_v2_7\src>DOSKEY aisim =cd C:\AI\AISim\AISim\Release 
"Compiling cpu_cortexa9"

C:\AI\AIFPGA\sv\sv.sdk\start_bsp>DOSKEY sim =cd C:\AI\AIFPGA\sv\sv.srcs\sources_1\sim 

C:\AI\AIFPGA\sv\sv.sdk\start_bsp>DOSKEY yolo =cd C:\AI\AIYolo 

C:\AI\AIFPGA\sv\sv.sdk\start_bsp>DOSKEY aisim =cd C:\AI\AISim\AISim\Release 
"Running Make libs in ps7_cortexa9_0/libsrc/ddrps_v1_0/src"
D:/Xilinx/SDK/2018.3/gnuwin/bin/make -C ps7_cortexa9_0/libsrc/ddrps_v1_0/src -s libs  "SHELL=CMD" "COMPILER=arm-none-eabi-gcc" "ARCHIVER=arm-none-eabi-ar" "COMPILER_FLAGS=  -O2 -c" "EXTRA_COMPILER_FLAGS=-mcpu=cortex-a9 -mfpu=vfpv3 -mfloat-abi=hard -nostartfiles -g -Wall -Wextra"

C:\AI\AIFPGA\sv\sv.sdk\start_bsp\ps7_cortexa9_0\libsrc\ddrps_v1_0\src>DOSKEY sim =cd C:\AI\AIFPGA\sv\sv.srcs\sources_1\sim 

C:\AI\AIFPGA\sv\sv.sdk\start_bsp\ps7_cortexa9_0\libsrc\ddrps_v1_0\src>DOSKEY yolo =cd C:\AI\AIYolo 

C:\AI\AIFPGA\sv\sv.sdk\start_bsp\ps7_cortexa9_0\libsrc\ddrps_v1_0\src>DOSKEY aisim =cd C:\AI\AISim\AISim\Release 
"Compiling ddrps"

C:\AI\AIFPGA\sv\sv.sdk\start_bsp>DOSKEY sim =cd C:\AI\AIFPGA\sv\sv.srcs\sources_1\sim 

C:\AI\AIFPGA\sv\sv.sdk\start_bsp>DOSKEY yolo =cd C:\AI\AIYolo 

C:\AI\AIFPGA\sv\sv.sdk\start_bsp>DOSKEY aisim =cd C:\AI\AISim\AISim\Release 
"Running Make libs in ps7_cortexa9_0/libsrc/devcfg_v3_5/src"
D:/Xilinx/SDK/2018.3/gnuwin/bin/make -C ps7_cortexa9_0/libsrc/devcfg_v3_5/src -s libs  "SHELL=CMD" "COMPILER=arm-none-eabi-gcc" "ARCHIVER=arm-none-eabi-ar" "COMPILER_FLAGS=  -O2 -c" "EXTRA_COMPILER_FLAGS=-mcpu=cortex-a9 -mfpu=vfpv3 -mfloat-abi=hard -nostartfiles -g -Wall -Wextra"

C:\AI\AIFPGA\sv\sv.sdk\start_bsp\ps7_cortexa9_0\libsrc\devcfg_v3_5\src>DOSKEY sim =cd C:\AI\AIFPGA\sv\sv.srcs\sources_1\sim 

C:\AI\AIFPGA\sv\sv.sdk\start_bsp\ps7_cortexa9_0\libsrc\devcfg_v3_5\src>DOSKEY yolo =cd C:\AI\AIYolo 

C:\AI\AIFPGA\sv\sv.sdk\start_bsp\ps7_cortexa9_0\libsrc\devcfg_v3_5\src>DOSKEY aisim =cd C:\AI\AISim\AISim\Release 
"Compiling devcfg"

C:\AI\AIFPGA\sv\sv.sdk\start_bsp>DOSKEY sim =cd C:\AI\AIFPGA\sv\sv.srcs\sources_1\sim 

C:\AI\AIFPGA\sv\sv.sdk\start_bsp>DOSKEY yolo =cd C:\AI\AIYolo 

C:\AI\AIFPGA\sv\sv.sdk\start_bsp>DOSKEY aisim =cd C:\AI\AISim\AISim\Release 
"Running Make libs in ps7_cortexa9_0/libsrc/dmaps_v2_4/src"
D:/Xilinx/SDK/2018.3/gnuwin/bin/make -C ps7_cortexa9_0/libsrc/dmaps_v2_4/src -s libs  "SHELL=CMD" "COMPILER=arm-none-eabi-gcc" "ARCHIVER=arm-none-eabi-ar" "COMPILER_FLAGS=  -O2 -c" "EXTRA_COMPILER_FLAGS=-mcpu=cortex-a9 -mfpu=vfpv3 -mfloat-abi=hard -nostartfiles -g -Wall -Wextra"

C:\AI\AIFPGA\sv\sv.sdk\start_bsp\ps7_cortexa9_0\libsrc\dmaps_v2_4\src>DOSKEY sim =cd C:\AI\AIFPGA\sv\sv.srcs\sources_1\sim 

C:\AI\AIFPGA\sv\sv.sdk\start_bsp\ps7_cortexa9_0\libsrc\dmaps_v2_4\src>DOSKEY yolo =cd C:\AI\AIYolo 

C:\AI\AIFPGA\sv\sv.sdk\start_bsp\ps7_cortexa9_0\libsrc\dmaps_v2_4\src>DOSKEY aisim =cd C:\AI\AISim\AISim\Release 
"Compiling dmaps"

C:\AI\AIFPGA\sv\sv.sdk\start_bsp>DOSKEY sim =cd C:\AI\AIFPGA\sv\sv.srcs\sources_1\sim 

C:\AI\AIFPGA\sv\sv.sdk\start_bsp>DOSKEY yolo =cd C:\AI\AIYolo 

C:\AI\AIFPGA\sv\sv.sdk\start_bsp>DOSKEY aisim =cd C:\AI\AISim\AISim\Release 
"Running Make libs in ps7_cortexa9_0/libsrc/scugic_v3_10/src"
D:/Xilinx/SDK/2018.3/gnuwin/bin/make -C ps7_cortexa9_0/libsrc/scugic_v3_10/src -s libs  "SHELL=CMD" "COMPILER=arm-none-eabi-gcc" "ARCHIVER=arm-none-eabi-ar" "COMPILER_FLAGS=  -O2 -c" "EXTRA_COMPILER_FLAGS=-mcpu=cortex-a9 -mfpu=vfpv3 -mfloat-abi=hard -nostartfiles -g -Wall -Wextra"

C:\AI\AIFPGA\sv\sv.sdk\start_bsp\ps7_cortexa9_0\libsrc\scugic_v3_10\src>DOSKEY sim =cd C:\AI\AIFPGA\sv\sv.srcs\sources_1\sim 

C:\AI\AIFPGA\sv\sv.sdk\start_bsp\ps7_cortexa9_0\libsrc\scugic_v3_10\src>DOSKEY yolo =cd C:\AI\AIYolo 

C:\AI\AIFPGA\sv\sv.sdk\start_bsp\ps7_cortexa9_0\libsrc\scugic_v3_10\src>DOSKEY aisim =cd C:\AI\AISim\AISim\Release 
"Compiling scugic"

C:\AI\AIFPGA\sv\sv.sdk\start_bsp>DOSKEY sim =cd C:\AI\AIFPGA\sv\sv.srcs\sources_1\sim 

C:\AI\AIFPGA\sv\sv.sdk\start_bsp>DOSKEY yolo =cd C:\AI\AIYolo 

C:\AI\AIFPGA\sv\sv.sdk\start_bsp>DOSKEY aisim =cd C:\AI\AISim\AISim\Release 
"Running Make libs in ps7_cortexa9_0/libsrc/scutimer_v2_1/src"
D:/Xilinx/SDK/2018.3/gnuwin/bin/make -C ps7_cortexa9_0/libsrc/scutimer_v2_1/src -s libs  "SHELL=CMD" "COMPILER=arm-none-eabi-gcc" "ARCHIVER=arm-none-eabi-ar" "COMPILER_FLAGS=  -O2 -c" "EXTRA_COMPILER_FLAGS=-mcpu=cortex-a9 -mfpu=vfpv3 -mfloat-abi=hard -nostartfiles -g -Wall -Wextra"

C:\AI\AIFPGA\sv\sv.sdk\start_bsp\ps7_cortexa9_0\libsrc\scutimer_v2_1\src>DOSKEY sim =cd C:\AI\AIFPGA\sv\sv.srcs\sources_1\sim 

C:\AI\AIFPGA\sv\sv.sdk\start_bsp\ps7_cortexa9_0\libsrc\scutimer_v2_1\src>DOSKEY yolo =cd C:\AI\AIYolo 

C:\AI\AIFPGA\sv\sv.sdk\start_bsp\ps7_cortexa9_0\libsrc\scutimer_v2_1\src>DOSKEY aisim =cd C:\AI\AISim\AISim\Release 
"Compiling scutimer"

C:\AI\AIFPGA\sv\sv.sdk\start_bsp>DOSKEY sim =cd C:\AI\AIFPGA\sv\sv.srcs\sources_1\sim 

C:\AI\AIFPGA\sv\sv.sdk\start_bsp>DOSKEY yolo =cd C:\AI\AIYolo 

C:\AI\AIFPGA\sv\sv.sdk\start_bsp>DOSKEY aisim =cd C:\AI\AISim\AISim\Release 
"Running Make libs in ps7_cortexa9_0/libsrc/scuwdt_v2_1/src"
D:/Xilinx/SDK/2018.3/gnuwin/bin/make -C ps7_cortexa9_0/libsrc/scuwdt_v2_1/src -s libs  "SHELL=CMD" "COMPILER=arm-none-eabi-gcc" "ARCHIVER=arm-none-eabi-ar" "COMPILER_FLAGS=  -O2 -c" "EXTRA_COMPILER_FLAGS=-mcpu=cortex-a9 -mfpu=vfpv3 -mfloat-abi=hard -nostartfiles -g -Wall -Wextra"

C:\AI\AIFPGA\sv\sv.sdk\start_bsp\ps7_cortexa9_0\libsrc\scuwdt_v2_1\src>DOSKEY sim =cd C:\AI\AIFPGA\sv\sv.srcs\sources_1\sim 

C:\AI\AIFPGA\sv\sv.sdk\start_bsp\ps7_cortexa9_0\libsrc\scuwdt_v2_1\src>DOSKEY yolo =cd C:\AI\AIYolo 

C:\AI\AIFPGA\sv\sv.sdk\start_bsp\ps7_cortexa9_0\libsrc\scuwdt_v2_1\src>DOSKEY aisim =cd C:\AI\AISim\AISim\Release 
"Compiling scuwdt"

C:\AI\AIFPGA\sv\sv.sdk\start_bsp>DOSKEY sim =cd C:\AI\AIFPGA\sv\sv.srcs\sources_1\sim 

C:\AI\AIFPGA\sv\sv.sdk\start_bsp>DOSKEY yolo =cd C:\AI\AIYolo 

C:\AI\AIFPGA\sv\sv.sdk\start_bsp>DOSKEY aisim =cd C:\AI\AISim\AISim\Release 
"Running Make libs in ps7_cortexa9_0/libsrc/standalone_v6_8/src"
D:/Xilinx/SDK/2018.3/gnuwin/bin/make -C ps7_cortexa9_0/libsrc/standalone_v6_8/src -s libs  "SHELL=CMD" "COMPILER=arm-none-eabi-gcc" "ARCHIVER=arm-none-eabi-ar" "COMPILER_FLAGS=  -O2 -c" "EXTRA_COMPILER_FLAGS=-mcpu=cortex-a9 -mfpu=vfpv3 -mfloat-abi=hard -nostartfiles -g -Wall -Wextra"

C:\AI\AIFPGA\sv\sv.sdk\start_bsp\ps7_cortexa9_0\libsrc\standalone_v6_8\src>DOSKEY sim =cd C:\AI\AIFPGA\sv\sv.srcs\sources_1\sim 

C:\AI\AIFPGA\sv\sv.sdk\start_bsp\ps7_cortexa9_0\libsrc\standalone_v6_8\src>DOSKEY yolo =cd C:\AI\AIYolo 

C:\AI\AIFPGA\sv\sv.sdk\start_bsp\ps7_cortexa9_0\libsrc\standalone_v6_8\src>DOSKEY aisim =cd C:\AI\AISim\AISim\Release 
"Compiling standalone"
In file included from usleep.c:56:0:
xtime_l.h:87:9: note: #pragma message: For the sleep routines, Global timer is being used
 #pragma message ("For the sleep routines, Global timer is being used")
         ^~~~~~~
In file included from xil_sleeptimer.c:51:0:
xtime_l.h:87:9: note: #pragma message: For the sleep routines, Global timer is being used
 #pragma message ("For the sleep routines, Global timer is being used")
         ^~~~~~~
In file included from xtime_l.c:49:0:
xtime_l.h:87:9: note: #pragma message: For the sleep routines, Global timer is being used
 #pragma message ("For the sleep routines, Global timer is being used")
         ^~~~~~~
In file included from sleep.c:53:0:
xtime_l.h:87:9: note: #pragma message: For the sleep routines, Global timer is being used
 #pragma message ("For the sleep routines, Global timer is being used")
         ^~~~~~~

C:\AI\AIFPGA\sv\sv.sdk\start_bsp>DOSKEY sim =cd C:\AI\AIFPGA\sv\sv.srcs\sources_1\sim 

C:\AI\AIFPGA\sv\sv.sdk\start_bsp>DOSKEY yolo =cd C:\AI\AIYolo 

C:\AI\AIFPGA\sv\sv.sdk\start_bsp>DOSKEY aisim =cd C:\AI\AISim\AISim\Release 
"Running Make libs in ps7_cortexa9_0/libsrc/uartps_v3_7/src"
D:/Xilinx/SDK/2018.3/gnuwin/bin/make -C ps7_cortexa9_0/libsrc/uartps_v3_7/src -s libs  "SHELL=CMD" "COMPILER=arm-none-eabi-gcc" "ARCHIVER=arm-none-eabi-ar" "COMPILER_FLAGS=  -O2 -c" "EXTRA_COMPILER_FLAGS=-mcpu=cortex-a9 -mfpu=vfpv3 -mfloat-abi=hard -nostartfiles -g -Wall -Wextra"

C:\AI\AIFPGA\sv\sv.sdk\start_bsp\ps7_cortexa9_0\libsrc\uartps_v3_7\src>DOSKEY sim =cd C:\AI\AIFPGA\sv\sv.srcs\sources_1\sim 

C:\AI\AIFPGA\sv\sv.sdk\start_bsp\ps7_cortexa9_0\libsrc\uartps_v3_7\src>DOSKEY yolo =cd C:\AI\AIYolo 

C:\AI\AIFPGA\sv\sv.sdk\start_bsp\ps7_cortexa9_0\libsrc\uartps_v3_7\src>DOSKEY aisim =cd C:\AI\AISim\AISim\Release 
"Compiling uartps"

C:\AI\AIFPGA\sv\sv.sdk\start_bsp>DOSKEY sim =cd C:\AI\AIFPGA\sv\sv.srcs\sources_1\sim 

C:\AI\AIFPGA\sv\sv.sdk\start_bsp>DOSKEY yolo =cd C:\AI\AIYolo 

C:\AI\AIFPGA\sv\sv.sdk\start_bsp>DOSKEY aisim =cd C:\AI\AISim\AISim\Release 
"Running Make libs in ps7_cortexa9_0/libsrc/xadcps_v2_3/src"
D:/Xilinx/SDK/2018.3/gnuwin/bin/make -C ps7_cortexa9_0/libsrc/xadcps_v2_3/src -s libs  "SHELL=CMD" "COMPILER=arm-none-eabi-gcc" "ARCHIVER=arm-none-eabi-ar" "COMPILER_FLAGS=  -O2 -c" "EXTRA_COMPILER_FLAGS=-mcpu=cortex-a9 -mfpu=vfpv3 -mfloat-abi=hard -nostartfiles -g -Wall -Wextra"

C:\AI\AIFPGA\sv\sv.sdk\start_bsp\ps7_cortexa9_0\libsrc\xadcps_v2_3\src>DOSKEY sim =cd C:\AI\AIFPGA\sv\sv.srcs\sources_1\sim 

C:\AI\AIFPGA\sv\sv.sdk\start_bsp\ps7_cortexa9_0\libsrc\xadcps_v2_3\src>DOSKEY yolo =cd C:\AI\AIYolo 

C:\AI\AIFPGA\sv\sv.sdk\start_bsp\ps7_cortexa9_0\libsrc\xadcps_v2_3\src>DOSKEY aisim =cd C:\AI\AISim\AISim\Release 
"Compiling xadcps"

C:\AI\AIFPGA\sv\sv.sdk\start_bsp>DOSKEY sim =cd C:\AI\AIFPGA\sv\sv.srcs\sources_1\sim 

C:\AI\AIFPGA\sv\sv.sdk\start_bsp>DOSKEY yolo =cd C:\AI\AIYolo 

C:\AI\AIFPGA\sv\sv.sdk\start_bsp>DOSKEY aisim =cd C:\AI\AISim\AISim\Release 
'Finished building libraries'
05:36:40 **** Build of configuration Debug for project start ****
make pre-build main-build 
a9-linaro-pre-build-step

C:\AI\AIFPGA\sv\sv.sdk\start\Debug>DOSKEY sim =cd C:\AI\AIFPGA\sv\sv.srcs\sources_1\sim 

C:\AI\AIFPGA\sv\sv.sdk\start\Debug>DOSKEY yolo =cd C:\AI\AIYolo 

C:\AI\AIFPGA\sv\sv.sdk\start\Debug>DOSKEY aisim =cd C:\AI\AISim\AISim\Release 
 
Building file: ../src/helloworld.c
Invoking: ARM v7 gcc compiler
arm-none-eabi-gcc -Wall -O0 -g3 -c -fmessage-length=0 -MT"src/helloworld.o" -mcpu=cortex-a9 -mfpu=vfpv3 -mfloat-abi=hard -I../../start_bsp/ps7_cortexa9_0/include -MMD -MP -MF"src/helloworld.d" -MT"src/helloworld.o" -o "src/helloworld.o" "../src/helloworld.c"
Finished building: ../src/helloworld.c
 
Building file: ../src/platform.c
Invoking: ARM v7 gcc compiler
arm-none-eabi-gcc -Wall -O0 -g3 -c -fmessage-length=0 -MT"src/platform.o" -mcpu=cortex-a9 -mfpu=vfpv3 -mfloat-abi=hard -I../../start_bsp/ps7_cortexa9_0/include -MMD -MP -MF"src/platform.d" -MT"src/platform.o" -o "src/platform.o" "../src/platform.c"
Finished building: ../src/platform.c
 
Building target: start.elf
Invoking: ARM v7 gcc linker
arm-none-eabi-gcc -mcpu=cortex-a9 -mfpu=vfpv3 -mfloat-abi=hard -Wl,-build-id=none -specs=Xilinx.spec -Wl,-T -Wl,../src/lscript.ld -L../../start_bsp/ps7_cortexa9_0/lib -o "start.elf"  ./src/helloworld.o ./src/platform.o   -Wl,--start-group,-lxil,-lgcc,-lc,--end-group
Finished building target: start.elf
 
Invoking: ARM v7 Print Size
arm-none-eabi-size start.elf  |tee "start.elf.size"
   text	   data	    bss	    dec	    hex	filename
  19348	   1144	  22568	  43060	   a834	start.elf
Finished building: start.elf.size
 
09:01:06 **** Clean-only build of project start_bsp ****
make -k clean 
D:/Xilinx/SDK/2018.3/gnuwin/bin/make -C ps7_cortexa9_0/libsrc/coresightps_dcc_v1_4/src -s clean 
D:/Xilinx/SDK/2018.3/gnuwin/bin/make -C ps7_cortexa9_0/libsrc/cpu_cortexa9_v2_7/src -s clean 
D:/Xilinx/SDK/2018.3/gnuwin/bin/make -C ps7_cortexa9_0/libsrc/ddrps_v1_0/src -s clean 
D:/Xilinx/SDK/2018.3/gnuwin/bin/make -C ps7_cortexa9_0/libsrc/devcfg_v3_5/src -s clean 
D:/Xilinx/SDK/2018.3/gnuwin/bin/make -C ps7_cortexa9_0/libsrc/dmaps_v2_4/src -s clean 
D:/Xilinx/SDK/2018.3/gnuwin/bin/make -C ps7_cortexa9_0/libsrc/scugic_v3_10/src -s clean 
D:/Xilinx/SDK/2018.3/gnuwin/bin/make -C ps7_cortexa9_0/libsrc/scutimer_v2_1/src -s clean 
D:/Xilinx/SDK/2018.3/gnuwin/bin/make -C ps7_cortexa9_0/libsrc/scuwdt_v2_1/src -s clean 
D:/Xilinx/SDK/2018.3/gnuwin/bin/make -C ps7_cortexa9_0/libsrc/standalone_v6_8/src -s clean 
D:/Xilinx/SDK/2018.3/gnuwin/bin/make -C ps7_cortexa9_0/libsrc/uartps_v3_7/src -s clean 
D:/Xilinx/SDK/2018.3/gnuwin/bin/make -C ps7_cortexa9_0/libsrc/xadcps_v2_3/src -s clean 
rm -f ps7_cortexa9_0/lib/libxil.a
09:01:06 **** Clean-only build of configuration Debug for project start ****
make clean 
rm -rf  ./src/helloworld.o ./src/platform.o  ./src/helloworld.d ./src/platform.d  start.elf.size  start.elf
 
09:01:07 **** Build of project start_bsp ****
make -k all 

C:\AI\AIFPGA\sv\sv.sdk\start_bsp>DOSKEY sim =cd C:\AI\AIFPGA\sv\sv.srcs\sources_1\sim 

C:\AI\AIFPGA\sv\sv.sdk\start_bsp>DOSKEY yolo =cd C:\AI\AIYolo 

C:\AI\AIFPGA\sv\sv.sdk\start_bsp>DOSKEY aisim =cd C:\AI\AISim\AISim\Release 
"Running Make include in ps7_cortexa9_0/libsrc/coresightps_dcc_v1_4/src"
D:/Xilinx/SDK/2018.3/gnuwin/bin/make -C ps7_cortexa9_0/libsrc/coresightps_dcc_v1_4/src -s include  "SHELL=CMD" "COMPILER=arm-none-eabi-gcc" "ARCHIVER=arm-none-eabi-ar" "COMPILER_FLAGS=  -O2 -c" "EXTRA_COMPILER_FLAGS=-mcpu=cortex-a9 -mfpu=vfpv3 -mfloat-abi=hard -nostartfiles -g -Wall -Wextra"

C:\AI\AIFPGA\sv\sv.sdk\start_bsp>DOSKEY sim =cd C:\AI\AIFPGA\sv\sv.srcs\sources_1\sim 

C:\AI\AIFPGA\sv\sv.sdk\start_bsp>DOSKEY yolo =cd C:\AI\AIYolo 

C:\AI\AIFPGA\sv\sv.sdk\start_bsp>DOSKEY aisim =cd C:\AI\AISim\AISim\Release 
"Running Make include in ps7_cortexa9_0/libsrc/cpu_cortexa9_v2_7/src"
D:/Xilinx/SDK/2018.3/gnuwin/bin/make -C ps7_cortexa9_0/libsrc/cpu_cortexa9_v2_7/src -s include  "SHELL=CMD" "COMPILER=arm-none-eabi-gcc" "ARCHIVER=arm-none-eabi-ar" "COMPILER_FLAGS=  -O2 -c" "EXTRA_COMPILER_FLAGS=-mcpu=cortex-a9 -mfpu=vfpv3 -mfloat-abi=hard -nostartfiles -g -Wall -Wextra"

C:\AI\AIFPGA\sv\sv.sdk\start_bsp>DOSKEY sim =cd C:\AI\AIFPGA\sv\sv.srcs\sources_1\sim 

C:\AI\AIFPGA\sv\sv.sdk\start_bsp>DOSKEY yolo =cd C:\AI\AIYolo 

C:\AI\AIFPGA\sv\sv.sdk\start_bsp>DOSKEY aisim =cd C:\AI\AISim\AISim\Release 
"Running Make include in ps7_cortexa9_0/libsrc/ddrps_v1_0/src"
D:/Xilinx/SDK/2018.3/gnuwin/bin/make -C ps7_cortexa9_0/libsrc/ddrps_v1_0/src -s include  "SHELL=CMD" "COMPILER=arm-none-eabi-gcc" "ARCHIVER=arm-none-eabi-ar" "COMPILER_FLAGS=  -O2 -c" "EXTRA_COMPILER_FLAGS=-mcpu=cortex-a9 -mfpu=vfpv3 -mfloat-abi=hard -nostartfiles -g -Wall -Wextra"

C:\AI\AIFPGA\sv\sv.sdk\start_bsp>DOSKEY sim =cd C:\AI\AIFPGA\sv\sv.srcs\sources_1\sim 

C:\AI\AIFPGA\sv\sv.sdk\start_bsp>DOSKEY yolo =cd C:\AI\AIYolo 

C:\AI\AIFPGA\sv\sv.sdk\start_bsp>DOSKEY aisim =cd C:\AI\AISim\AISim\Release 
"Running Make include in ps7_cortexa9_0/libsrc/devcfg_v3_5/src"
D:/Xilinx/SDK/2018.3/gnuwin/bin/make -C ps7_cortexa9_0/libsrc/devcfg_v3_5/src -s include  "SHELL=CMD" "COMPILER=arm-none-eabi-gcc" "ARCHIVER=arm-none-eabi-ar" "COMPILER_FLAGS=  -O2 -c" "EXTRA_COMPILER_FLAGS=-mcpu=cortex-a9 -mfpu=vfpv3 -mfloat-abi=hard -nostartfiles -g -Wall -Wextra"

C:\AI\AIFPGA\sv\sv.sdk\start_bsp>DOSKEY sim =cd C:\AI\AIFPGA\sv\sv.srcs\sources_1\sim 

C:\AI\AIFPGA\sv\sv.sdk\start_bsp>DOSKEY yolo =cd C:\AI\AIYolo 

C:\AI\AIFPGA\sv\sv.sdk\start_bsp>DOSKEY aisim =cd C:\AI\AISim\AISim\Release 
"Running Make include in ps7_cortexa9_0/libsrc/dmaps_v2_4/src"
D:/Xilinx/SDK/2018.3/gnuwin/bin/make -C ps7_cortexa9_0/libsrc/dmaps_v2_4/src -s include  "SHELL=CMD" "COMPILER=arm-none-eabi-gcc" "ARCHIVER=arm-none-eabi-ar" "COMPILER_FLAGS=  -O2 -c" "EXTRA_COMPILER_FLAGS=-mcpu=cortex-a9 -mfpu=vfpv3 -mfloat-abi=hard -nostartfiles -g -Wall -Wextra"

C:\AI\AIFPGA\sv\sv.sdk\start_bsp>DOSKEY sim =cd C:\AI\AIFPGA\sv\sv.srcs\sources_1\sim 

C:\AI\AIFPGA\sv\sv.sdk\start_bsp>DOSKEY yolo =cd C:\AI\AIYolo 

C:\AI\AIFPGA\sv\sv.sdk\start_bsp>DOSKEY aisim =cd C:\AI\AISim\AISim\Release 
"Running Make include in ps7_cortexa9_0/libsrc/scugic_v3_10/src"
D:/Xilinx/SDK/2018.3/gnuwin/bin/make -C ps7_cortexa9_0/libsrc/scugic_v3_10/src -s include  "SHELL=CMD" "COMPILER=arm-none-eabi-gcc" "ARCHIVER=arm-none-eabi-ar" "COMPILER_FLAGS=  -O2 -c" "EXTRA_COMPILER_FLAGS=-mcpu=cortex-a9 -mfpu=vfpv3 -mfloat-abi=hard -nostartfiles -g -Wall -Wextra"

C:\AI\AIFPGA\sv\sv.sdk\start_bsp>DOSKEY sim =cd C:\AI\AIFPGA\sv\sv.srcs\sources_1\sim 

C:\AI\AIFPGA\sv\sv.sdk\start_bsp>DOSKEY yolo =cd C:\AI\AIYolo 

C:\AI\AIFPGA\sv\sv.sdk\start_bsp>DOSKEY aisim =cd C:\AI\AISim\AISim\Release 
"Running Make include in ps7_cortexa9_0/libsrc/scutimer_v2_1/src"
D:/Xilinx/SDK/2018.3/gnuwin/bin/make -C ps7_cortexa9_0/libsrc/scutimer_v2_1/src -s include  "SHELL=CMD" "COMPILER=arm-none-eabi-gcc" "ARCHIVER=arm-none-eabi-ar" "COMPILER_FLAGS=  -O2 -c" "EXTRA_COMPILER_FLAGS=-mcpu=cortex-a9 -mfpu=vfpv3 -mfloat-abi=hard -nostartfiles -g -Wall -Wextra"

C:\AI\AIFPGA\sv\sv.sdk\start_bsp>DOSKEY sim =cd C:\AI\AIFPGA\sv\sv.srcs\sources_1\sim 

C:\AI\AIFPGA\sv\sv.sdk\start_bsp>DOSKEY yolo =cd C:\AI\AIYolo 

C:\AI\AIFPGA\sv\sv.sdk\start_bsp>DOSKEY aisim =cd C:\AI\AISim\AISim\Release 
"Running Make include in ps7_cortexa9_0/libsrc/scuwdt_v2_1/src"
D:/Xilinx/SDK/2018.3/gnuwin/bin/make -C ps7_cortexa9_0/libsrc/scuwdt_v2_1/src -s include  "SHELL=CMD" "COMPILER=arm-none-eabi-gcc" "ARCHIVER=arm-none-eabi-ar" "COMPILER_FLAGS=  -O2 -c" "EXTRA_COMPILER_FLAGS=-mcpu=cortex-a9 -mfpu=vfpv3 -mfloat-abi=hard -nostartfiles -g -Wall -Wextra"

C:\AI\AIFPGA\sv\sv.sdk\start_bsp>DOSKEY sim =cd C:\AI\AIFPGA\sv\sv.srcs\sources_1\sim 

C:\AI\AIFPGA\sv\sv.sdk\start_bsp>DOSKEY yolo =cd C:\AI\AIYolo 

C:\AI\AIFPGA\sv\sv.sdk\start_bsp>DOSKEY aisim =cd C:\AI\AISim\AISim\Release 
"Running Make include in ps7_cortexa9_0/libsrc/standalone_v6_8/src"
D:/Xilinx/SDK/2018.3/gnuwin/bin/make -C ps7_cortexa9_0/libsrc/standalone_v6_8/src -s include  "SHELL=CMD" "COMPILER=arm-none-eabi-gcc" "ARCHIVER=arm-none-eabi-ar" "COMPILER_FLAGS=  -O2 -c" "EXTRA_COMPILER_FLAGS=-mcpu=cortex-a9 -mfpu=vfpv3 -mfloat-abi=hard -nostartfiles -g -Wall -Wextra"

C:\AI\AIFPGA\sv\sv.sdk\start_bsp>DOSKEY sim =cd C:\AI\AIFPGA\sv\sv.srcs\sources_1\sim 

C:\AI\AIFPGA\sv\sv.sdk\start_bsp>DOSKEY yolo =cd C:\AI\AIYolo 

C:\AI\AIFPGA\sv\sv.sdk\start_bsp>DOSKEY aisim =cd C:\AI\AISim\AISim\Release 
"Running Make include in ps7_cortexa9_0/libsrc/uartps_v3_7/src"
D:/Xilinx/SDK/2018.3/gnuwin/bin/make -C ps7_cortexa9_0/libsrc/uartps_v3_7/src -s include  "SHELL=CMD" "COMPILER=arm-none-eabi-gcc" "ARCHIVER=arm-none-eabi-ar" "COMPILER_FLAGS=  -O2 -c" "EXTRA_COMPILER_FLAGS=-mcpu=cortex-a9 -mfpu=vfpv3 -mfloat-abi=hard -nostartfiles -g -Wall -Wextra"

C:\AI\AIFPGA\sv\sv.sdk\start_bsp>DOSKEY sim =cd C:\AI\AIFPGA\sv\sv.srcs\sources_1\sim 

C:\AI\AIFPGA\sv\sv.sdk\start_bsp>DOSKEY yolo =cd C:\AI\AIYolo 

C:\AI\AIFPGA\sv\sv.sdk\start_bsp>DOSKEY aisim =cd C:\AI\AISim\AISim\Release 
"Running Make include in ps7_cortexa9_0/libsrc/xadcps_v2_3/src"
D:/Xilinx/SDK/2018.3/gnuwin/bin/make -C ps7_cortexa9_0/libsrc/xadcps_v2_3/src -s include  "SHELL=CMD" "COMPILER=arm-none-eabi-gcc" "ARCHIVER=arm-none-eabi-ar" "COMPILER_FLAGS=  -O2 -c" "EXTRA_COMPILER_FLAGS=-mcpu=cortex-a9 -mfpu=vfpv3 -mfloat-abi=hard -nostartfiles -g -Wall -Wextra"

C:\AI\AIFPGA\sv\sv.sdk\start_bsp>DOSKEY sim =cd C:\AI\AIFPGA\sv\sv.srcs\sources_1\sim 

C:\AI\AIFPGA\sv\sv.sdk\start_bsp>DOSKEY yolo =cd C:\AI\AIYolo 

C:\AI\AIFPGA\sv\sv.sdk\start_bsp>DOSKEY aisim =cd C:\AI\AISim\AISim\Release 
"Running Make libs in ps7_cortexa9_0/libsrc/coresightps_dcc_v1_4/src"
D:/Xilinx/SDK/2018.3/gnuwin/bin/make -C ps7_cortexa9_0/libsrc/coresightps_dcc_v1_4/src -s libs  "SHELL=CMD" "COMPILER=arm-none-eabi-gcc" "ARCHIVER=arm-none-eabi-ar" "COMPILER_FLAGS=  -O2 -c" "EXTRA_COMPILER_FLAGS=-mcpu=cortex-a9 -mfpu=vfpv3 -mfloat-abi=hard -nostartfiles -g -Wall -Wextra"

C:\AI\AIFPGA\sv\sv.sdk\start_bsp\ps7_cortexa9_0\libsrc\coresightps_dcc_v1_4\src>DOSKEY sim =cd C:\AI\AIFPGA\sv\sv.srcs\sources_1\sim 

C:\AI\AIFPGA\sv\sv.sdk\start_bsp\ps7_cortexa9_0\libsrc\coresightps_dcc_v1_4\src>DOSKEY yolo =cd C:\AI\AIYolo 

C:\AI\AIFPGA\sv\sv.sdk\start_bsp\ps7_cortexa9_0\libsrc\coresightps_dcc_v1_4\src>DOSKEY aisim =cd C:\AI\AISim\AISim\Release 
"Compiling coresightps_dcc"
arm-none-eabi-ar: creating ../../../lib/libxil.a

C:\AI\AIFPGA\sv\sv.sdk\start_bsp>DOSKEY sim =cd C:\AI\AIFPGA\sv\sv.srcs\sources_1\sim 

C:\AI\AIFPGA\sv\sv.sdk\start_bsp>DOSKEY yolo =cd C:\AI\AIYolo 

C:\AI\AIFPGA\sv\sv.sdk\start_bsp>DOSKEY aisim =cd C:\AI\AISim\AISim\Release 
"Running Make libs in ps7_cortexa9_0/libsrc/cpu_cortexa9_v2_7/src"
D:/Xilinx/SDK/2018.3/gnuwin/bin/make -C ps7_cortexa9_0/libsrc/cpu_cortexa9_v2_7/src -s libs  "SHELL=CMD" "COMPILER=arm-none-eabi-gcc" "ARCHIVER=arm-none-eabi-ar" "COMPILER_FLAGS=  -O2 -c" "EXTRA_COMPILER_FLAGS=-mcpu=cortex-a9 -mfpu=vfpv3 -mfloat-abi=hard -nostartfiles -g -Wall -Wextra"

C:\AI\AIFPGA\sv\sv.sdk\start_bsp\ps7_cortexa9_0\libsrc\cpu_cortexa9_v2_7\src>DOSKEY sim =cd C:\AI\AIFPGA\sv\sv.srcs\sources_1\sim 

C:\AI\AIFPGA\sv\sv.sdk\start_bsp\ps7_cortexa9_0\libsrc\cpu_cortexa9_v2_7\src>DOSKEY yolo =cd C:\AI\AIYolo 

C:\AI\AIFPGA\sv\sv.sdk\start_bsp\ps7_cortexa9_0\libsrc\cpu_cortexa9_v2_7\src>DOSKEY aisim =cd C:\AI\AISim\AISim\Release 
"Compiling cpu_cortexa9"

C:\AI\AIFPGA\sv\sv.sdk\start_bsp>DOSKEY sim =cd C:\AI\AIFPGA\sv\sv.srcs\sources_1\sim 

C:\AI\AIFPGA\sv\sv.sdk\start_bsp>DOSKEY yolo =cd C:\AI\AIYolo 

C:\AI\AIFPGA\sv\sv.sdk\start_bsp>DOSKEY aisim =cd C:\AI\AISim\AISim\Release 
"Running Make libs in ps7_cortexa9_0/libsrc/ddrps_v1_0/src"
D:/Xilinx/SDK/2018.3/gnuwin/bin/make -C ps7_cortexa9_0/libsrc/ddrps_v1_0/src -s libs  "SHELL=CMD" "COMPILER=arm-none-eabi-gcc" "ARCHIVER=arm-none-eabi-ar" "COMPILER_FLAGS=  -O2 -c" "EXTRA_COMPILER_FLAGS=-mcpu=cortex-a9 -mfpu=vfpv3 -mfloat-abi=hard -nostartfiles -g -Wall -Wextra"

C:\AI\AIFPGA\sv\sv.sdk\start_bsp\ps7_cortexa9_0\libsrc\ddrps_v1_0\src>DOSKEY sim =cd C:\AI\AIFPGA\sv\sv.srcs\sources_1\sim 

C:\AI\AIFPGA\sv\sv.sdk\start_bsp\ps7_cortexa9_0\libsrc\ddrps_v1_0\src>DOSKEY yolo =cd C:\AI\AIYolo 

C:\AI\AIFPGA\sv\sv.sdk\start_bsp\ps7_cortexa9_0\libsrc\ddrps_v1_0\src>DOSKEY aisim =cd C:\AI\AISim\AISim\Release 
"Compiling ddrps"

C:\AI\AIFPGA\sv\sv.sdk\start_bsp>DOSKEY sim =cd C:\AI\AIFPGA\sv\sv.srcs\sources_1\sim 

C:\AI\AIFPGA\sv\sv.sdk\start_bsp>DOSKEY yolo =cd C:\AI\AIYolo 

C:\AI\AIFPGA\sv\sv.sdk\start_bsp>DOSKEY aisim =cd C:\AI\AISim\AISim\Release 
"Running Make libs in ps7_cortexa9_0/libsrc/devcfg_v3_5/src"
D:/Xilinx/SDK/2018.3/gnuwin/bin/make -C ps7_cortexa9_0/libsrc/devcfg_v3_5/src -s libs  "SHELL=CMD" "COMPILER=arm-none-eabi-gcc" "ARCHIVER=arm-none-eabi-ar" "COMPILER_FLAGS=  -O2 -c" "EXTRA_COMPILER_FLAGS=-mcpu=cortex-a9 -mfpu=vfpv3 -mfloat-abi=hard -nostartfiles -g -Wall -Wextra"

C:\AI\AIFPGA\sv\sv.sdk\start_bsp\ps7_cortexa9_0\libsrc\devcfg_v3_5\src>DOSKEY sim =cd C:\AI\AIFPGA\sv\sv.srcs\sources_1\sim 

C:\AI\AIFPGA\sv\sv.sdk\start_bsp\ps7_cortexa9_0\libsrc\devcfg_v3_5\src>DOSKEY yolo =cd C:\AI\AIYolo 

C:\AI\AIFPGA\sv\sv.sdk\start_bsp\ps7_cortexa9_0\libsrc\devcfg_v3_5\src>DOSKEY aisim =cd C:\AI\AISim\AISim\Release 
"Compiling devcfg"

C:\AI\AIFPGA\sv\sv.sdk\start_bsp>DOSKEY sim =cd C:\AI\AIFPGA\sv\sv.srcs\sources_1\sim 

C:\AI\AIFPGA\sv\sv.sdk\start_bsp>DOSKEY yolo =cd C:\AI\AIYolo 

C:\AI\AIFPGA\sv\sv.sdk\start_bsp>DOSKEY aisim =cd C:\AI\AISim\AISim\Release 
"Running Make libs in ps7_cortexa9_0/libsrc/dmaps_v2_4/src"
D:/Xilinx/SDK/2018.3/gnuwin/bin/make -C ps7_cortexa9_0/libsrc/dmaps_v2_4/src -s libs  "SHELL=CMD" "COMPILER=arm-none-eabi-gcc" "ARCHIVER=arm-none-eabi-ar" "COMPILER_FLAGS=  -O2 -c" "EXTRA_COMPILER_FLAGS=-mcpu=cortex-a9 -mfpu=vfpv3 -mfloat-abi=hard -nostartfiles -g -Wall -Wextra"

C:\AI\AIFPGA\sv\sv.sdk\start_bsp\ps7_cortexa9_0\libsrc\dmaps_v2_4\src>DOSKEY sim =cd C:\AI\AIFPGA\sv\sv.srcs\sources_1\sim 

C:\AI\AIFPGA\sv\sv.sdk\start_bsp\ps7_cortexa9_0\libsrc\dmaps_v2_4\src>DOSKEY yolo =cd C:\AI\AIYolo 

C:\AI\AIFPGA\sv\sv.sdk\start_bsp\ps7_cortexa9_0\libsrc\dmaps_v2_4\src>DOSKEY aisim =cd C:\AI\AISim\AISim\Release 
"Compiling dmaps"

C:\AI\AIFPGA\sv\sv.sdk\start_bsp>DOSKEY sim =cd C:\AI\AIFPGA\sv\sv.srcs\sources_1\sim 

C:\AI\AIFPGA\sv\sv.sdk\start_bsp>DOSKEY yolo =cd C:\AI\AIYolo 

C:\AI\AIFPGA\sv\sv.sdk\start_bsp>DOSKEY aisim =cd C:\AI\AISim\AISim\Release 
"Running Make libs in ps7_cortexa9_0/libsrc/scugic_v3_10/src"
D:/Xilinx/SDK/2018.3/gnuwin/bin/make -C ps7_cortexa9_0/libsrc/scugic_v3_10/src -s libs  "SHELL=CMD" "COMPILER=arm-none-eabi-gcc" "ARCHIVER=arm-none-eabi-ar" "COMPILER_FLAGS=  -O2 -c" "EXTRA_COMPILER_FLAGS=-mcpu=cortex-a9 -mfpu=vfpv3 -mfloat-abi=hard -nostartfiles -g -Wall -Wextra"

C:\AI\AIFPGA\sv\sv.sdk\start_bsp\ps7_cortexa9_0\libsrc\scugic_v3_10\src>DOSKEY sim =cd C:\AI\AIFPGA\sv\sv.srcs\sources_1\sim 

C:\AI\AIFPGA\sv\sv.sdk\start_bsp\ps7_cortexa9_0\libsrc\scugic_v3_10\src>DOSKEY yolo =cd C:\AI\AIYolo 

C:\AI\AIFPGA\sv\sv.sdk\start_bsp\ps7_cortexa9_0\libsrc\scugic_v3_10\src>DOSKEY aisim =cd C:\AI\AISim\AISim\Release 
"Compiling scugic"

C:\AI\AIFPGA\sv\sv.sdk\start_bsp>DOSKEY sim =cd C:\AI\AIFPGA\sv\sv.srcs\sources_1\sim 

C:\AI\AIFPGA\sv\sv.sdk\start_bsp>DOSKEY yolo =cd C:\AI\AIYolo 

C:\AI\AIFPGA\sv\sv.sdk\start_bsp>DOSKEY aisim =cd C:\AI\AISim\AISim\Release 
"Running Make libs in ps7_cortexa9_0/libsrc/scutimer_v2_1/src"
D:/Xilinx/SDK/2018.3/gnuwin/bin/make -C ps7_cortexa9_0/libsrc/scutimer_v2_1/src -s libs  "SHELL=CMD" "COMPILER=arm-none-eabi-gcc" "ARCHIVER=arm-none-eabi-ar" "COMPILER_FLAGS=  -O2 -c" "EXTRA_COMPILER_FLAGS=-mcpu=cortex-a9 -mfpu=vfpv3 -mfloat-abi=hard -nostartfiles -g -Wall -Wextra"

C:\AI\AIFPGA\sv\sv.sdk\start_bsp\ps7_cortexa9_0\libsrc\scutimer_v2_1\src>DOSKEY sim =cd C:\AI\AIFPGA\sv\sv.srcs\sources_1\sim 

C:\AI\AIFPGA\sv\sv.sdk\start_bsp\ps7_cortexa9_0\libsrc\scutimer_v2_1\src>DOSKEY yolo =cd C:\AI\AIYolo 

C:\AI\AIFPGA\sv\sv.sdk\start_bsp\ps7_cortexa9_0\libsrc\scutimer_v2_1\src>DOSKEY aisim =cd C:\AI\AISim\AISim\Release 
"Compiling scutimer"

C:\AI\AIFPGA\sv\sv.sdk\start_bsp>DOSKEY sim =cd C:\AI\AIFPGA\sv\sv.srcs\sources_1\sim 

C:\AI\AIFPGA\sv\sv.sdk\start_bsp>DOSKEY yolo =cd C:\AI\AIYolo 

C:\AI\AIFPGA\sv\sv.sdk\start_bsp>DOSKEY aisim =cd C:\AI\AISim\AISim\Release 
"Running Make libs in ps7_cortexa9_0/libsrc/scuwdt_v2_1/src"
D:/Xilinx/SDK/2018.3/gnuwin/bin/make -C ps7_cortexa9_0/libsrc/scuwdt_v2_1/src -s libs  "SHELL=CMD" "COMPILER=arm-none-eabi-gcc" "ARCHIVER=arm-none-eabi-ar" "COMPILER_FLAGS=  -O2 -c" "EXTRA_COMPILER_FLAGS=-mcpu=cortex-a9 -mfpu=vfpv3 -mfloat-abi=hard -nostartfiles -g -Wall -Wextra"

C:\AI\AIFPGA\sv\sv.sdk\start_bsp\ps7_cortexa9_0\libsrc\scuwdt_v2_1\src>DOSKEY sim =cd C:\AI\AIFPGA\sv\sv.srcs\sources_1\sim 

C:\AI\AIFPGA\sv\sv.sdk\start_bsp\ps7_cortexa9_0\libsrc\scuwdt_v2_1\src>DOSKEY yolo =cd C:\AI\AIYolo 

C:\AI\AIFPGA\sv\sv.sdk\start_bsp\ps7_cortexa9_0\libsrc\scuwdt_v2_1\src>DOSKEY aisim =cd C:\AI\AISim\AISim\Release 
"Compiling scuwdt"

C:\AI\AIFPGA\sv\sv.sdk\start_bsp>DOSKEY sim =cd C:\AI\AIFPGA\sv\sv.srcs\sources_1\sim 

C:\AI\AIFPGA\sv\sv.sdk\start_bsp>DOSKEY yolo =cd C:\AI\AIYolo 

C:\AI\AIFPGA\sv\sv.sdk\start_bsp>DOSKEY aisim =cd C:\AI\AISim\AISim\Release 
"Running Make libs in ps7_cortexa9_0/libsrc/standalone_v6_8/src"
D:/Xilinx/SDK/2018.3/gnuwin/bin/make -C ps7_cortexa9_0/libsrc/standalone_v6_8/src -s libs  "SHELL=CMD" "COMPILER=arm-none-eabi-gcc" "ARCHIVER=arm-none-eabi-ar" "COMPILER_FLAGS=  -O2 -c" "EXTRA_COMPILER_FLAGS=-mcpu=cortex-a9 -mfpu=vfpv3 -mfloat-abi=hard -nostartfiles -g -Wall -Wextra"

C:\AI\AIFPGA\sv\sv.sdk\start_bsp\ps7_cortexa9_0\libsrc\standalone_v6_8\src>DOSKEY sim =cd C:\AI\AIFPGA\sv\sv.srcs\sources_1\sim 

C:\AI\AIFPGA\sv\sv.sdk\start_bsp\ps7_cortexa9_0\libsrc\standalone_v6_8\src>DOSKEY yolo =cd C:\AI\AIYolo 

C:\AI\AIFPGA\sv\sv.sdk\start_bsp\ps7_cortexa9_0\libsrc\standalone_v6_8\src>DOSKEY aisim =cd C:\AI\AISim\AISim\Release 
"Compiling standalone"
In file included from usleep.c:56:0:
xtime_l.h:87:9: note: #pragma message: For the sleep routines, Global timer is being used
 #pragma message ("For the sleep routines, Global timer is being used")
         ^~~~~~~
In file included from xil_sleeptimer.c:51:0:
xtime_l.h:87:9: note: #pragma message: For the sleep routines, Global timer is being used
 #pragma message ("For the sleep routines, Global timer is being used")
         ^~~~~~~
In file included from xtime_l.c:49:0:
xtime_l.h:87:9: note: #pragma message: For the sleep routines, Global timer is being used
 #pragma message ("For the sleep routines, Global timer is being used")
         ^~~~~~~
In file included from sleep.c:53:0:
xtime_l.h:87:9: note: #pragma message: For the sleep routines, Global timer is being used
 #pragma message ("For the sleep routines, Global timer is being used")
         ^~~~~~~

C:\AI\AIFPGA\sv\sv.sdk\start_bsp>DOSKEY sim =cd C:\AI\AIFPGA\sv\sv.srcs\sources_1\sim 

C:\AI\AIFPGA\sv\sv.sdk\start_bsp>DOSKEY yolo =cd C:\AI\AIYolo 

C:\AI\AIFPGA\sv\sv.sdk\start_bsp>DOSKEY aisim =cd C:\AI\AISim\AISim\Release 
"Running Make libs in ps7_cortexa9_0/libsrc/uartps_v3_7/src"
D:/Xilinx/SDK/2018.3/gnuwin/bin/make -C ps7_cortexa9_0/libsrc/uartps_v3_7/src -s libs  "SHELL=CMD" "COMPILER=arm-none-eabi-gcc" "ARCHIVER=arm-none-eabi-ar" "COMPILER_FLAGS=  -O2 -c" "EXTRA_COMPILER_FLAGS=-mcpu=cortex-a9 -mfpu=vfpv3 -mfloat-abi=hard -nostartfiles -g -Wall -Wextra"

C:\AI\AIFPGA\sv\sv.sdk\start_bsp\ps7_cortexa9_0\libsrc\uartps_v3_7\src>DOSKEY sim =cd C:\AI\AIFPGA\sv\sv.srcs\sources_1\sim 

C:\AI\AIFPGA\sv\sv.sdk\start_bsp\ps7_cortexa9_0\libsrc\uartps_v3_7\src>DOSKEY yolo =cd C:\AI\AIYolo 

C:\AI\AIFPGA\sv\sv.sdk\start_bsp\ps7_cortexa9_0\libsrc\uartps_v3_7\src>DOSKEY aisim =cd C:\AI\AISim\AISim\Release 
"Compiling uartps"

C:\AI\AIFPGA\sv\sv.sdk\start_bsp>DOSKEY sim =cd C:\AI\AIFPGA\sv\sv.srcs\sources_1\sim 

C:\AI\AIFPGA\sv\sv.sdk\start_bsp>DOSKEY yolo =cd C:\AI\AIYolo 

C:\AI\AIFPGA\sv\sv.sdk\start_bsp>DOSKEY aisim =cd C:\AI\AISim\AISim\Release 
"Running Make libs in ps7_cortexa9_0/libsrc/xadcps_v2_3/src"
D:/Xilinx/SDK/2018.3/gnuwin/bin/make -C ps7_cortexa9_0/libsrc/xadcps_v2_3/src -s libs  "SHELL=CMD" "COMPILER=arm-none-eabi-gcc" "ARCHIVER=arm-none-eabi-ar" "COMPILER_FLAGS=  -O2 -c" "EXTRA_COMPILER_FLAGS=-mcpu=cortex-a9 -mfpu=vfpv3 -mfloat-abi=hard -nostartfiles -g -Wall -Wextra"

C:\AI\AIFPGA\sv\sv.sdk\start_bsp\ps7_cortexa9_0\libsrc\xadcps_v2_3\src>DOSKEY sim =cd C:\AI\AIFPGA\sv\sv.srcs\sources_1\sim 

C:\AI\AIFPGA\sv\sv.sdk\start_bsp\ps7_cortexa9_0\libsrc\xadcps_v2_3\src>DOSKEY yolo =cd C:\AI\AIYolo 

C:\AI\AIFPGA\sv\sv.sdk\start_bsp\ps7_cortexa9_0\libsrc\xadcps_v2_3\src>DOSKEY aisim =cd C:\AI\AISim\AISim\Release 
"Compiling xadcps"

C:\AI\AIFPGA\sv\sv.sdk\start_bsp>DOSKEY sim =cd C:\AI\AIFPGA\sv\sv.srcs\sources_1\sim 

C:\AI\AIFPGA\sv\sv.sdk\start_bsp>DOSKEY yolo =cd C:\AI\AIYolo 

C:\AI\AIFPGA\sv\sv.sdk\start_bsp>DOSKEY aisim =cd C:\AI\AISim\AISim\Release 
'Finished building libraries'
09:01:28 **** Clean-only build of configuration Debug for project start ****
make clean 
rm -rf  ./src/helloworld.o ./src/platform.o  ./src/helloworld.d ./src/platform.d  start.elf.size  start.elf
 
09:01:28 **** Build of configuration Debug for project start ****
make pre-build main-build 
a9-linaro-pre-build-step

C:\AI\AIFPGA\sv\sv.sdk\start\Debug>DOSKEY sim =cd C:\AI\AIFPGA\sv\sv.srcs\sources_1\sim 

C:\AI\AIFPGA\sv\sv.sdk\start\Debug>DOSKEY yolo =cd C:\AI\AIYolo 

C:\AI\AIFPGA\sv\sv.sdk\start\Debug>DOSKEY aisim =cd C:\AI\AISim\AISim\Release 
 
Building file: ../src/helloworld.c
Invoking: ARM v7 gcc compiler
arm-none-eabi-gcc -Wall -O0 -g3 -c -fmessage-length=0 -MT"src/helloworld.o" -mcpu=cortex-a9 -mfpu=vfpv3 -mfloat-abi=hard -I../../start_bsp/ps7_cortexa9_0/include -MMD -MP -MF"src/helloworld.d" -MT"src/helloworld.o" -o "src/helloworld.o" "../src/helloworld.c"
Finished building: ../src/helloworld.c
 
Building file: ../src/platform.c
Invoking: ARM v7 gcc compiler
arm-none-eabi-gcc -Wall -O0 -g3 -c -fmessage-length=0 -MT"src/platform.o" -mcpu=cortex-a9 -mfpu=vfpv3 -mfloat-abi=hard -I../../start_bsp/ps7_cortexa9_0/include -MMD -MP -MF"src/platform.d" -MT"src/platform.o" -o "src/platform.o" "../src/platform.c"
Finished building: ../src/platform.c
 
Building target: start.elf
Invoking: ARM v7 gcc linker
arm-none-eabi-gcc -mcpu=cortex-a9 -mfpu=vfpv3 -mfloat-abi=hard -Wl,-build-id=none -specs=Xilinx.spec -Wl,-T -Wl,../src/lscript.ld -L../../start_bsp/ps7_cortexa9_0/lib -o "start.elf"  ./src/helloworld.o ./src/platform.o   -Wl,--start-group,-lxil,-lgcc,-lc,--end-group
Finished building target: start.elf
 
Invoking: ARM v7 Print Size
arm-none-eabi-size start.elf  |tee "start.elf.size"
   text	   data	    bss	    dec	    hex	filename
  19348	   1144	  22568	  43060	   a834	start.elf
Finished building: start.elf.size
 
13:12:36 **** Clean-only build of project start_bsp ****
make -k clean 
D:/Xilinx/SDK/2018.3/gnuwin/bin/make -C ps7_cortexa9_0/libsrc/coresightps_dcc_v1_4/src -s clean 
D:/Xilinx/SDK/2018.3/gnuwin/bin/make -C ps7_cortexa9_0/libsrc/cpu_cortexa9_v2_7/src -s clean 
D:/Xilinx/SDK/2018.3/gnuwin/bin/make -C ps7_cortexa9_0/libsrc/ddrps_v1_0/src -s clean 
D:/Xilinx/SDK/2018.3/gnuwin/bin/make -C ps7_cortexa9_0/libsrc/devcfg_v3_5/src -s clean 
D:/Xilinx/SDK/2018.3/gnuwin/bin/make -C ps7_cortexa9_0/libsrc/dmaps_v2_4/src -s clean 
D:/Xilinx/SDK/2018.3/gnuwin/bin/make -C ps7_cortexa9_0/libsrc/scugic_v3_10/src -s clean 
D:/Xilinx/SDK/2018.3/gnuwin/bin/make -C ps7_cortexa9_0/libsrc/scutimer_v2_1/src -s clean 
D:/Xilinx/SDK/2018.3/gnuwin/bin/make -C ps7_cortexa9_0/libsrc/scuwdt_v2_1/src -s clean 
D:/Xilinx/SDK/2018.3/gnuwin/bin/make -C ps7_cortexa9_0/libsrc/standalone_v6_8/src -s clean 
D:/Xilinx/SDK/2018.3/gnuwin/bin/make -C ps7_cortexa9_0/libsrc/uartps_v3_7/src -s clean 
D:/Xilinx/SDK/2018.3/gnuwin/bin/make -C ps7_cortexa9_0/libsrc/xadcps_v2_3/src -s clean 
rm -f ps7_cortexa9_0/lib/libxil.a
13:12:37 **** Clean-only build of configuration Debug for project start ****
make clean 
rm -rf  ./src/helloworld.o ./src/platform.o  ./src/helloworld.d ./src/platform.d  start.elf.size  start.elf
 
13:12:37 **** Build of project start_bsp ****
make -k all 

C:\AI\AIFPGA\sv\sv.sdk\start_bsp>DOSKEY sim =cd C:\AI\AIFPGA\sv\sv.srcs\sources_1\sim 

C:\AI\AIFPGA\sv\sv.sdk\start_bsp>DOSKEY yolo =cd C:\AI\AIYolo 

C:\AI\AIFPGA\sv\sv.sdk\start_bsp>DOSKEY aisim =cd C:\AI\AISim\AISim\Release 
"Running Make include in ps7_cortexa9_0/libsrc/coresightps_dcc_v1_4/src"
D:/Xilinx/SDK/2018.3/gnuwin/bin/make -C ps7_cortexa9_0/libsrc/coresightps_dcc_v1_4/src -s include  "SHELL=CMD" "COMPILER=arm-none-eabi-gcc" "ARCHIVER=arm-none-eabi-ar" "COMPILER_FLAGS=  -O2 -c" "EXTRA_COMPILER_FLAGS=-mcpu=cortex-a9 -mfpu=vfpv3 -mfloat-abi=hard -nostartfiles -g -Wall -Wextra"

C:\AI\AIFPGA\sv\sv.sdk\start_bsp>DOSKEY sim =cd C:\AI\AIFPGA\sv\sv.srcs\sources_1\sim 

C:\AI\AIFPGA\sv\sv.sdk\start_bsp>DOSKEY yolo =cd C:\AI\AIYolo 

C:\AI\AIFPGA\sv\sv.sdk\start_bsp>DOSKEY aisim =cd C:\AI\AISim\AISim\Release 
"Running Make include in ps7_cortexa9_0/libsrc/cpu_cortexa9_v2_7/src"
D:/Xilinx/SDK/2018.3/gnuwin/bin/make -C ps7_cortexa9_0/libsrc/cpu_cortexa9_v2_7/src -s include  "SHELL=CMD" "COMPILER=arm-none-eabi-gcc" "ARCHIVER=arm-none-eabi-ar" "COMPILER_FLAGS=  -O2 -c" "EXTRA_COMPILER_FLAGS=-mcpu=cortex-a9 -mfpu=vfpv3 -mfloat-abi=hard -nostartfiles -g -Wall -Wextra"

C:\AI\AIFPGA\sv\sv.sdk\start_bsp>DOSKEY sim =cd C:\AI\AIFPGA\sv\sv.srcs\sources_1\sim 

C:\AI\AIFPGA\sv\sv.sdk\start_bsp>DOSKEY yolo =cd C:\AI\AIYolo 

C:\AI\AIFPGA\sv\sv.sdk\start_bsp>DOSKEY aisim =cd C:\AI\AISim\AISim\Release 
"Running Make include in ps7_cortexa9_0/libsrc/ddrps_v1_0/src"
D:/Xilinx/SDK/2018.3/gnuwin/bin/make -C ps7_cortexa9_0/libsrc/ddrps_v1_0/src -s include  "SHELL=CMD" "COMPILER=arm-none-eabi-gcc" "ARCHIVER=arm-none-eabi-ar" "COMPILER_FLAGS=  -O2 -c" "EXTRA_COMPILER_FLAGS=-mcpu=cortex-a9 -mfpu=vfpv3 -mfloat-abi=hard -nostartfiles -g -Wall -Wextra"

C:\AI\AIFPGA\sv\sv.sdk\start_bsp>DOSKEY sim =cd C:\AI\AIFPGA\sv\sv.srcs\sources_1\sim 

C:\AI\AIFPGA\sv\sv.sdk\start_bsp>DOSKEY yolo =cd C:\AI\AIYolo 

C:\AI\AIFPGA\sv\sv.sdk\start_bsp>DOSKEY aisim =cd C:\AI\AISim\AISim\Release 
"Running Make include in ps7_cortexa9_0/libsrc/devcfg_v3_5/src"
D:/Xilinx/SDK/2018.3/gnuwin/bin/make -C ps7_cortexa9_0/libsrc/devcfg_v3_5/src -s include  "SHELL=CMD" "COMPILER=arm-none-eabi-gcc" "ARCHIVER=arm-none-eabi-ar" "COMPILER_FLAGS=  -O2 -c" "EXTRA_COMPILER_FLAGS=-mcpu=cortex-a9 -mfpu=vfpv3 -mfloat-abi=hard -nostartfiles -g -Wall -Wextra"

C:\AI\AIFPGA\sv\sv.sdk\start_bsp>DOSKEY sim =cd C:\AI\AIFPGA\sv\sv.srcs\sources_1\sim 

C:\AI\AIFPGA\sv\sv.sdk\start_bsp>DOSKEY yolo =cd C:\AI\AIYolo 

C:\AI\AIFPGA\sv\sv.sdk\start_bsp>DOSKEY aisim =cd C:\AI\AISim\AISim\Release 
"Running Make include in ps7_cortexa9_0/libsrc/dmaps_v2_4/src"
D:/Xilinx/SDK/2018.3/gnuwin/bin/make -C ps7_cortexa9_0/libsrc/dmaps_v2_4/src -s include  "SHELL=CMD" "COMPILER=arm-none-eabi-gcc" "ARCHIVER=arm-none-eabi-ar" "COMPILER_FLAGS=  -O2 -c" "EXTRA_COMPILER_FLAGS=-mcpu=cortex-a9 -mfpu=vfpv3 -mfloat-abi=hard -nostartfiles -g -Wall -Wextra"

C:\AI\AIFPGA\sv\sv.sdk\start_bsp>DOSKEY sim =cd C:\AI\AIFPGA\sv\sv.srcs\sources_1\sim 

C:\AI\AIFPGA\sv\sv.sdk\start_bsp>DOSKEY yolo =cd C:\AI\AIYolo 

C:\AI\AIFPGA\sv\sv.sdk\start_bsp>DOSKEY aisim =cd C:\AI\AISim\AISim\Release 
"Running Make include in ps7_cortexa9_0/libsrc/scugic_v3_10/src"
D:/Xilinx/SDK/2018.3/gnuwin/bin/make -C ps7_cortexa9_0/libsrc/scugic_v3_10/src -s include  "SHELL=CMD" "COMPILER=arm-none-eabi-gcc" "ARCHIVER=arm-none-eabi-ar" "COMPILER_FLAGS=  -O2 -c" "EXTRA_COMPILER_FLAGS=-mcpu=cortex-a9 -mfpu=vfpv3 -mfloat-abi=hard -nostartfiles -g -Wall -Wextra"

C:\AI\AIFPGA\sv\sv.sdk\start_bsp>DOSKEY sim =cd C:\AI\AIFPGA\sv\sv.srcs\sources_1\sim 

C:\AI\AIFPGA\sv\sv.sdk\start_bsp>DOSKEY yolo =cd C:\AI\AIYolo 

C:\AI\AIFPGA\sv\sv.sdk\start_bsp>DOSKEY aisim =cd C:\AI\AISim\AISim\Release 
"Running Make include in ps7_cortexa9_0/libsrc/scutimer_v2_1/src"
D:/Xilinx/SDK/2018.3/gnuwin/bin/make -C ps7_cortexa9_0/libsrc/scutimer_v2_1/src -s include  "SHELL=CMD" "COMPILER=arm-none-eabi-gcc" "ARCHIVER=arm-none-eabi-ar" "COMPILER_FLAGS=  -O2 -c" "EXTRA_COMPILER_FLAGS=-mcpu=cortex-a9 -mfpu=vfpv3 -mfloat-abi=hard -nostartfiles -g -Wall -Wextra"

C:\AI\AIFPGA\sv\sv.sdk\start_bsp>DOSKEY sim =cd C:\AI\AIFPGA\sv\sv.srcs\sources_1\sim 

C:\AI\AIFPGA\sv\sv.sdk\start_bsp>DOSKEY yolo =cd C:\AI\AIYolo 

C:\AI\AIFPGA\sv\sv.sdk\start_bsp>DOSKEY aisim =cd C:\AI\AISim\AISim\Release 
"Running Make include in ps7_cortexa9_0/libsrc/scuwdt_v2_1/src"
D:/Xilinx/SDK/2018.3/gnuwin/bin/make -C ps7_cortexa9_0/libsrc/scuwdt_v2_1/src -s include  "SHELL=CMD" "COMPILER=arm-none-eabi-gcc" "ARCHIVER=arm-none-eabi-ar" "COMPILER_FLAGS=  -O2 -c" "EXTRA_COMPILER_FLAGS=-mcpu=cortex-a9 -mfpu=vfpv3 -mfloat-abi=hard -nostartfiles -g -Wall -Wextra"

C:\AI\AIFPGA\sv\sv.sdk\start_bsp>DOSKEY sim =cd C:\AI\AIFPGA\sv\sv.srcs\sources_1\sim 

C:\AI\AIFPGA\sv\sv.sdk\start_bsp>DOSKEY yolo =cd C:\AI\AIYolo 

C:\AI\AIFPGA\sv\sv.sdk\start_bsp>DOSKEY aisim =cd C:\AI\AISim\AISim\Release 
"Running Make include in ps7_cortexa9_0/libsrc/standalone_v6_8/src"
D:/Xilinx/SDK/2018.3/gnuwin/bin/make -C ps7_cortexa9_0/libsrc/standalone_v6_8/src -s include  "SHELL=CMD" "COMPILER=arm-none-eabi-gcc" "ARCHIVER=arm-none-eabi-ar" "COMPILER_FLAGS=  -O2 -c" "EXTRA_COMPILER_FLAGS=-mcpu=cortex-a9 -mfpu=vfpv3 -mfloat-abi=hard -nostartfiles -g -Wall -Wextra"

C:\AI\AIFPGA\sv\sv.sdk\start_bsp>DOSKEY sim =cd C:\AI\AIFPGA\sv\sv.srcs\sources_1\sim 

C:\AI\AIFPGA\sv\sv.sdk\start_bsp>DOSKEY yolo =cd C:\AI\AIYolo 

C:\AI\AIFPGA\sv\sv.sdk\start_bsp>DOSKEY aisim =cd C:\AI\AISim\AISim\Release 
"Running Make include in ps7_cortexa9_0/libsrc/uartps_v3_7/src"
D:/Xilinx/SDK/2018.3/gnuwin/bin/make -C ps7_cortexa9_0/libsrc/uartps_v3_7/src -s include  "SHELL=CMD" "COMPILER=arm-none-eabi-gcc" "ARCHIVER=arm-none-eabi-ar" "COMPILER_FLAGS=  -O2 -c" "EXTRA_COMPILER_FLAGS=-mcpu=cortex-a9 -mfpu=vfpv3 -mfloat-abi=hard -nostartfiles -g -Wall -Wextra"

C:\AI\AIFPGA\sv\sv.sdk\start_bsp>DOSKEY sim =cd C:\AI\AIFPGA\sv\sv.srcs\sources_1\sim 

C:\AI\AIFPGA\sv\sv.sdk\start_bsp>DOSKEY yolo =cd C:\AI\AIYolo 

C:\AI\AIFPGA\sv\sv.sdk\start_bsp>DOSKEY aisim =cd C:\AI\AISim\AISim\Release 
"Running Make include in ps7_cortexa9_0/libsrc/xadcps_v2_3/src"
D:/Xilinx/SDK/2018.3/gnuwin/bin/make -C ps7_cortexa9_0/libsrc/xadcps_v2_3/src -s include  "SHELL=CMD" "COMPILER=arm-none-eabi-gcc" "ARCHIVER=arm-none-eabi-ar" "COMPILER_FLAGS=  -O2 -c" "EXTRA_COMPILER_FLAGS=-mcpu=cortex-a9 -mfpu=vfpv3 -mfloat-abi=hard -nostartfiles -g -Wall -Wextra"

C:\AI\AIFPGA\sv\sv.sdk\start_bsp>DOSKEY sim =cd C:\AI\AIFPGA\sv\sv.srcs\sources_1\sim 

C:\AI\AIFPGA\sv\sv.sdk\start_bsp>DOSKEY yolo =cd C:\AI\AIYolo 

C:\AI\AIFPGA\sv\sv.sdk\start_bsp>DOSKEY aisim =cd C:\AI\AISim\AISim\Release 
"Running Make libs in ps7_cortexa9_0/libsrc/coresightps_dcc_v1_4/src"
D:/Xilinx/SDK/2018.3/gnuwin/bin/make -C ps7_cortexa9_0/libsrc/coresightps_dcc_v1_4/src -s libs  "SHELL=CMD" "COMPILER=arm-none-eabi-gcc" "ARCHIVER=arm-none-eabi-ar" "COMPILER_FLAGS=  -O2 -c" "EXTRA_COMPILER_FLAGS=-mcpu=cortex-a9 -mfpu=vfpv3 -mfloat-abi=hard -nostartfiles -g -Wall -Wextra"

C:\AI\AIFPGA\sv\sv.sdk\start_bsp\ps7_cortexa9_0\libsrc\coresightps_dcc_v1_4\src>DOSKEY sim =cd C:\AI\AIFPGA\sv\sv.srcs\sources_1\sim 

C:\AI\AIFPGA\sv\sv.sdk\start_bsp\ps7_cortexa9_0\libsrc\coresightps_dcc_v1_4\src>DOSKEY yolo =cd C:\AI\AIYolo 

C:\AI\AIFPGA\sv\sv.sdk\start_bsp\ps7_cortexa9_0\libsrc\coresightps_dcc_v1_4\src>DOSKEY aisim =cd C:\AI\AISim\AISim\Release 
"Compiling coresightps_dcc"
arm-none-eabi-ar: creating ../../../lib/libxil.a

C:\AI\AIFPGA\sv\sv.sdk\start_bsp>DOSKEY sim =cd C:\AI\AIFPGA\sv\sv.srcs\sources_1\sim 

C:\AI\AIFPGA\sv\sv.sdk\start_bsp>DOSKEY yolo =cd C:\AI\AIYolo 

C:\AI\AIFPGA\sv\sv.sdk\start_bsp>DOSKEY aisim =cd C:\AI\AISim\AISim\Release 
"Running Make libs in ps7_cortexa9_0/libsrc/cpu_cortexa9_v2_7/src"
D:/Xilinx/SDK/2018.3/gnuwin/bin/make -C ps7_cortexa9_0/libsrc/cpu_cortexa9_v2_7/src -s libs  "SHELL=CMD" "COMPILER=arm-none-eabi-gcc" "ARCHIVER=arm-none-eabi-ar" "COMPILER_FLAGS=  -O2 -c" "EXTRA_COMPILER_FLAGS=-mcpu=cortex-a9 -mfpu=vfpv3 -mfloat-abi=hard -nostartfiles -g -Wall -Wextra"

C:\AI\AIFPGA\sv\sv.sdk\start_bsp\ps7_cortexa9_0\libsrc\cpu_cortexa9_v2_7\src>DOSKEY sim =cd C:\AI\AIFPGA\sv\sv.srcs\sources_1\sim 

C:\AI\AIFPGA\sv\sv.sdk\start_bsp\ps7_cortexa9_0\libsrc\cpu_cortexa9_v2_7\src>DOSKEY yolo =cd C:\AI\AIYolo 

C:\AI\AIFPGA\sv\sv.sdk\start_bsp\ps7_cortexa9_0\libsrc\cpu_cortexa9_v2_7\src>DOSKEY aisim =cd C:\AI\AISim\AISim\Release 
"Compiling cpu_cortexa9"

C:\AI\AIFPGA\sv\sv.sdk\start_bsp>DOSKEY sim =cd C:\AI\AIFPGA\sv\sv.srcs\sources_1\sim 

C:\AI\AIFPGA\sv\sv.sdk\start_bsp>DOSKEY yolo =cd C:\AI\AIYolo 

C:\AI\AIFPGA\sv\sv.sdk\start_bsp>DOSKEY aisim =cd C:\AI\AISim\AISim\Release 
"Running Make libs in ps7_cortexa9_0/libsrc/ddrps_v1_0/src"
D:/Xilinx/SDK/2018.3/gnuwin/bin/make -C ps7_cortexa9_0/libsrc/ddrps_v1_0/src -s libs  "SHELL=CMD" "COMPILER=arm-none-eabi-gcc" "ARCHIVER=arm-none-eabi-ar" "COMPILER_FLAGS=  -O2 -c" "EXTRA_COMPILER_FLAGS=-mcpu=cortex-a9 -mfpu=vfpv3 -mfloat-abi=hard -nostartfiles -g -Wall -Wextra"

C:\AI\AIFPGA\sv\sv.sdk\start_bsp\ps7_cortexa9_0\libsrc\ddrps_v1_0\src>DOSKEY sim =cd C:\AI\AIFPGA\sv\sv.srcs\sources_1\sim 

C:\AI\AIFPGA\sv\sv.sdk\start_bsp\ps7_cortexa9_0\libsrc\ddrps_v1_0\src>DOSKEY yolo =cd C:\AI\AIYolo 

C:\AI\AIFPGA\sv\sv.sdk\start_bsp\ps7_cortexa9_0\libsrc\ddrps_v1_0\src>DOSKEY aisim =cd C:\AI\AISim\AISim\Release 
"Compiling ddrps"

C:\AI\AIFPGA\sv\sv.sdk\start_bsp>DOSKEY sim =cd C:\AI\AIFPGA\sv\sv.srcs\sources_1\sim 

C:\AI\AIFPGA\sv\sv.sdk\start_bsp>DOSKEY yolo =cd C:\AI\AIYolo 

C:\AI\AIFPGA\sv\sv.sdk\start_bsp>DOSKEY aisim =cd C:\AI\AISim\AISim\Release 
"Running Make libs in ps7_cortexa9_0/libsrc/devcfg_v3_5/src"
D:/Xilinx/SDK/2018.3/gnuwin/bin/make -C ps7_cortexa9_0/libsrc/devcfg_v3_5/src -s libs  "SHELL=CMD" "COMPILER=arm-none-eabi-gcc" "ARCHIVER=arm-none-eabi-ar" "COMPILER_FLAGS=  -O2 -c" "EXTRA_COMPILER_FLAGS=-mcpu=cortex-a9 -mfpu=vfpv3 -mfloat-abi=hard -nostartfiles -g -Wall -Wextra"

C:\AI\AIFPGA\sv\sv.sdk\start_bsp\ps7_cortexa9_0\libsrc\devcfg_v3_5\src>DOSKEY sim =cd C:\AI\AIFPGA\sv\sv.srcs\sources_1\sim 

C:\AI\AIFPGA\sv\sv.sdk\start_bsp\ps7_cortexa9_0\libsrc\devcfg_v3_5\src>DOSKEY yolo =cd C:\AI\AIYolo 

C:\AI\AIFPGA\sv\sv.sdk\start_bsp\ps7_cortexa9_0\libsrc\devcfg_v3_5\src>DOSKEY aisim =cd C:\AI\AISim\AISim\Release 
"Compiling devcfg"

C:\AI\AIFPGA\sv\sv.sdk\start_bsp>DOSKEY sim =cd C:\AI\AIFPGA\sv\sv.srcs\sources_1\sim 

C:\AI\AIFPGA\sv\sv.sdk\start_bsp>DOSKEY yolo =cd C:\AI\AIYolo 

C:\AI\AIFPGA\sv\sv.sdk\start_bsp>DOSKEY aisim =cd C:\AI\AISim\AISim\Release 
"Running Make libs in ps7_cortexa9_0/libsrc/dmaps_v2_4/src"
D:/Xilinx/SDK/2018.3/gnuwin/bin/make -C ps7_cortexa9_0/libsrc/dmaps_v2_4/src -s libs  "SHELL=CMD" "COMPILER=arm-none-eabi-gcc" "ARCHIVER=arm-none-eabi-ar" "COMPILER_FLAGS=  -O2 -c" "EXTRA_COMPILER_FLAGS=-mcpu=cortex-a9 -mfpu=vfpv3 -mfloat-abi=hard -nostartfiles -g -Wall -Wextra"

C:\AI\AIFPGA\sv\sv.sdk\start_bsp\ps7_cortexa9_0\libsrc\dmaps_v2_4\src>DOSKEY sim =cd C:\AI\AIFPGA\sv\sv.srcs\sources_1\sim 

C:\AI\AIFPGA\sv\sv.sdk\start_bsp\ps7_cortexa9_0\libsrc\dmaps_v2_4\src>DOSKEY yolo =cd C:\AI\AIYolo 

C:\AI\AIFPGA\sv\sv.sdk\start_bsp\ps7_cortexa9_0\libsrc\dmaps_v2_4\src>DOSKEY aisim =cd C:\AI\AISim\AISim\Release 
"Compiling dmaps"

C:\AI\AIFPGA\sv\sv.sdk\start_bsp>DOSKEY sim =cd C:\AI\AIFPGA\sv\sv.srcs\sources_1\sim 

C:\AI\AIFPGA\sv\sv.sdk\start_bsp>DOSKEY yolo =cd C:\AI\AIYolo 

C:\AI\AIFPGA\sv\sv.sdk\start_bsp>DOSKEY aisim =cd C:\AI\AISim\AISim\Release 
"Running Make libs in ps7_cortexa9_0/libsrc/scugic_v3_10/src"
D:/Xilinx/SDK/2018.3/gnuwin/bin/make -C ps7_cortexa9_0/libsrc/scugic_v3_10/src -s libs  "SHELL=CMD" "COMPILER=arm-none-eabi-gcc" "ARCHIVER=arm-none-eabi-ar" "COMPILER_FLAGS=  -O2 -c" "EXTRA_COMPILER_FLAGS=-mcpu=cortex-a9 -mfpu=vfpv3 -mfloat-abi=hard -nostartfiles -g -Wall -Wextra"

C:\AI\AIFPGA\sv\sv.sdk\start_bsp\ps7_cortexa9_0\libsrc\scugic_v3_10\src>DOSKEY sim =cd C:\AI\AIFPGA\sv\sv.srcs\sources_1\sim 

C:\AI\AIFPGA\sv\sv.sdk\start_bsp\ps7_cortexa9_0\libsrc\scugic_v3_10\src>DOSKEY yolo =cd C:\AI\AIYolo 

C:\AI\AIFPGA\sv\sv.sdk\start_bsp\ps7_cortexa9_0\libsrc\scugic_v3_10\src>DOSKEY aisim =cd C:\AI\AISim\AISim\Release 
"Compiling scugic"

C:\AI\AIFPGA\sv\sv.sdk\start_bsp>DOSKEY sim =cd C:\AI\AIFPGA\sv\sv.srcs\sources_1\sim 

C:\AI\AIFPGA\sv\sv.sdk\start_bsp>DOSKEY yolo =cd C:\AI\AIYolo 

C:\AI\AIFPGA\sv\sv.sdk\start_bsp>DOSKEY aisim =cd C:\AI\AISim\AISim\Release 
"Running Make libs in ps7_cortexa9_0/libsrc/scutimer_v2_1/src"
D:/Xilinx/SDK/2018.3/gnuwin/bin/make -C ps7_cortexa9_0/libsrc/scutimer_v2_1/src -s libs  "SHELL=CMD" "COMPILER=arm-none-eabi-gcc" "ARCHIVER=arm-none-eabi-ar" "COMPILER_FLAGS=  -O2 -c" "EXTRA_COMPILER_FLAGS=-mcpu=cortex-a9 -mfpu=vfpv3 -mfloat-abi=hard -nostartfiles -g -Wall -Wextra"

C:\AI\AIFPGA\sv\sv.sdk\start_bsp\ps7_cortexa9_0\libsrc\scutimer_v2_1\src>DOSKEY sim =cd C:\AI\AIFPGA\sv\sv.srcs\sources_1\sim 

C:\AI\AIFPGA\sv\sv.sdk\start_bsp\ps7_cortexa9_0\libsrc\scutimer_v2_1\src>DOSKEY yolo =cd C:\AI\AIYolo 

C:\AI\AIFPGA\sv\sv.sdk\start_bsp\ps7_cortexa9_0\libsrc\scutimer_v2_1\src>DOSKEY aisim =cd C:\AI\AISim\AISim\Release 
"Compiling scutimer"

C:\AI\AIFPGA\sv\sv.sdk\start_bsp>DOSKEY sim =cd C:\AI\AIFPGA\sv\sv.srcs\sources_1\sim 

C:\AI\AIFPGA\sv\sv.sdk\start_bsp>DOSKEY yolo =cd C:\AI\AIYolo 

C:\AI\AIFPGA\sv\sv.sdk\start_bsp>DOSKEY aisim =cd C:\AI\AISim\AISim\Release 
"Running Make libs in ps7_cortexa9_0/libsrc/scuwdt_v2_1/src"
D:/Xilinx/SDK/2018.3/gnuwin/bin/make -C ps7_cortexa9_0/libsrc/scuwdt_v2_1/src -s libs  "SHELL=CMD" "COMPILER=arm-none-eabi-gcc" "ARCHIVER=arm-none-eabi-ar" "COMPILER_FLAGS=  -O2 -c" "EXTRA_COMPILER_FLAGS=-mcpu=cortex-a9 -mfpu=vfpv3 -mfloat-abi=hard -nostartfiles -g -Wall -Wextra"

C:\AI\AIFPGA\sv\sv.sdk\start_bsp\ps7_cortexa9_0\libsrc\scuwdt_v2_1\src>DOSKEY sim =cd C:\AI\AIFPGA\sv\sv.srcs\sources_1\sim 

C:\AI\AIFPGA\sv\sv.sdk\start_bsp\ps7_cortexa9_0\libsrc\scuwdt_v2_1\src>DOSKEY yolo =cd C:\AI\AIYolo 

C:\AI\AIFPGA\sv\sv.sdk\start_bsp\ps7_cortexa9_0\libsrc\scuwdt_v2_1\src>DOSKEY aisim =cd C:\AI\AISim\AISim\Release 
"Compiling scuwdt"

C:\AI\AIFPGA\sv\sv.sdk\start_bsp>DOSKEY sim =cd C:\AI\AIFPGA\sv\sv.srcs\sources_1\sim 

C:\AI\AIFPGA\sv\sv.sdk\start_bsp>DOSKEY yolo =cd C:\AI\AIYolo 

C:\AI\AIFPGA\sv\sv.sdk\start_bsp>DOSKEY aisim =cd C:\AI\AISim\AISim\Release 
"Running Make libs in ps7_cortexa9_0/libsrc/standalone_v6_8/src"
D:/Xilinx/SDK/2018.3/gnuwin/bin/make -C ps7_cortexa9_0/libsrc/standalone_v6_8/src -s libs  "SHELL=CMD" "COMPILER=arm-none-eabi-gcc" "ARCHIVER=arm-none-eabi-ar" "COMPILER_FLAGS=  -O2 -c" "EXTRA_COMPILER_FLAGS=-mcpu=cortex-a9 -mfpu=vfpv3 -mfloat-abi=hard -nostartfiles -g -Wall -Wextra"

C:\AI\AIFPGA\sv\sv.sdk\start_bsp\ps7_cortexa9_0\libsrc\standalone_v6_8\src>DOSKEY sim =cd C:\AI\AIFPGA\sv\sv.srcs\sources_1\sim 

C:\AI\AIFPGA\sv\sv.sdk\start_bsp\ps7_cortexa9_0\libsrc\standalone_v6_8\src>DOSKEY yolo =cd C:\AI\AIYolo 

C:\AI\AIFPGA\sv\sv.sdk\start_bsp\ps7_cortexa9_0\libsrc\standalone_v6_8\src>DOSKEY aisim =cd C:\AI\AISim\AISim\Release 
"Compiling standalone"
In file included from usleep.c:56:0:
xtime_l.h:87:9: note: #pragma message: For the sleep routines, Global timer is being used
 #pragma message ("For the sleep routines, Global timer is being used")
         ^~~~~~~
In file included from xil_sleeptimer.c:51:0:
xtime_l.h:87:9: note: #pragma message: For the sleep routines, Global timer is being used
 #pragma message ("For the sleep routines, Global timer is being used")
         ^~~~~~~
In file included from xtime_l.c:49:0:
xtime_l.h:87:9: note: #pragma message: For the sleep routines, Global timer is being used
 #pragma message ("For the sleep routines, Global timer is being used")
         ^~~~~~~
In file included from sleep.c:53:0:
xtime_l.h:87:9: note: #pragma message: For the sleep routines, Global timer is being used
 #pragma message ("For the sleep routines, Global timer is being used")
         ^~~~~~~

C:\AI\AIFPGA\sv\sv.sdk\start_bsp>DOSKEY sim =cd C:\AI\AIFPGA\sv\sv.srcs\sources_1\sim 

C:\AI\AIFPGA\sv\sv.sdk\start_bsp>DOSKEY yolo =cd C:\AI\AIYolo 

C:\AI\AIFPGA\sv\sv.sdk\start_bsp>DOSKEY aisim =cd C:\AI\AISim\AISim\Release 
"Running Make libs in ps7_cortexa9_0/libsrc/uartps_v3_7/src"
D:/Xilinx/SDK/2018.3/gnuwin/bin/make -C ps7_cortexa9_0/libsrc/uartps_v3_7/src -s libs  "SHELL=CMD" "COMPILER=arm-none-eabi-gcc" "ARCHIVER=arm-none-eabi-ar" "COMPILER_FLAGS=  -O2 -c" "EXTRA_COMPILER_FLAGS=-mcpu=cortex-a9 -mfpu=vfpv3 -mfloat-abi=hard -nostartfiles -g -Wall -Wextra"

C:\AI\AIFPGA\sv\sv.sdk\start_bsp\ps7_cortexa9_0\libsrc\uartps_v3_7\src>DOSKEY sim =cd C:\AI\AIFPGA\sv\sv.srcs\sources_1\sim 

C:\AI\AIFPGA\sv\sv.sdk\start_bsp\ps7_cortexa9_0\libsrc\uartps_v3_7\src>DOSKEY yolo =cd C:\AI\AIYolo 

C:\AI\AIFPGA\sv\sv.sdk\start_bsp\ps7_cortexa9_0\libsrc\uartps_v3_7\src>DOSKEY aisim =cd C:\AI\AISim\AISim\Release 
"Compiling uartps"

C:\AI\AIFPGA\sv\sv.sdk\start_bsp>DOSKEY sim =cd C:\AI\AIFPGA\sv\sv.srcs\sources_1\sim 

C:\AI\AIFPGA\sv\sv.sdk\start_bsp>DOSKEY yolo =cd C:\AI\AIYolo 

C:\AI\AIFPGA\sv\sv.sdk\start_bsp>DOSKEY aisim =cd C:\AI\AISim\AISim\Release 
"Running Make libs in ps7_cortexa9_0/libsrc/xadcps_v2_3/src"
D:/Xilinx/SDK/2018.3/gnuwin/bin/make -C ps7_cortexa9_0/libsrc/xadcps_v2_3/src -s libs  "SHELL=CMD" "COMPILER=arm-none-eabi-gcc" "ARCHIVER=arm-none-eabi-ar" "COMPILER_FLAGS=  -O2 -c" "EXTRA_COMPILER_FLAGS=-mcpu=cortex-a9 -mfpu=vfpv3 -mfloat-abi=hard -nostartfiles -g -Wall -Wextra"

C:\AI\AIFPGA\sv\sv.sdk\start_bsp\ps7_cortexa9_0\libsrc\xadcps_v2_3\src>DOSKEY sim =cd C:\AI\AIFPGA\sv\sv.srcs\sources_1\sim 

C:\AI\AIFPGA\sv\sv.sdk\start_bsp\ps7_cortexa9_0\libsrc\xadcps_v2_3\src>DOSKEY yolo =cd C:\AI\AIYolo 

C:\AI\AIFPGA\sv\sv.sdk\start_bsp\ps7_cortexa9_0\libsrc\xadcps_v2_3\src>DOSKEY aisim =cd C:\AI\AISim\AISim\Release 
"Compiling xadcps"

C:\AI\AIFPGA\sv\sv.sdk\start_bsp>DOSKEY sim =cd C:\AI\AIFPGA\sv\sv.srcs\sources_1\sim 

C:\AI\AIFPGA\sv\sv.sdk\start_bsp>DOSKEY yolo =cd C:\AI\AIYolo 

C:\AI\AIFPGA\sv\sv.sdk\start_bsp>DOSKEY aisim =cd C:\AI\AISim\AISim\Release 
'Finished building libraries'
13:12:58 **** Build of configuration Debug for project start ****
make pre-build main-build 
a9-linaro-pre-build-step

C:\AI\AIFPGA\sv\sv.sdk\start\Debug>DOSKEY sim =cd C:\AI\AIFPGA\sv\sv.srcs\sources_1\sim 

C:\AI\AIFPGA\sv\sv.sdk\start\Debug>DOSKEY yolo =cd C:\AI\AIYolo 

C:\AI\AIFPGA\sv\sv.sdk\start\Debug>DOSKEY aisim =cd C:\AI\AISim\AISim\Release 
 
Building file: ../src/helloworld.c
Invoking: ARM v7 gcc compiler
arm-none-eabi-gcc -Wall -O0 -g3 -c -fmessage-length=0 -MT"src/helloworld.o" -mcpu=cortex-a9 -mfpu=vfpv3 -mfloat-abi=hard -I../../start_bsp/ps7_cortexa9_0/include -MMD -MP -MF"src/helloworld.d" -MT"src/helloworld.o" -o "src/helloworld.o" "../src/helloworld.c"
Finished building: ../src/helloworld.c
 
Building file: ../src/platform.c
Invoking: ARM v7 gcc compiler
arm-none-eabi-gcc -Wall -O0 -g3 -c -fmessage-length=0 -MT"src/platform.o" -mcpu=cortex-a9 -mfpu=vfpv3 -mfloat-abi=hard -I../../start_bsp/ps7_cortexa9_0/include -MMD -MP -MF"src/platform.d" -MT"src/platform.o" -o "src/platform.o" "../src/platform.c"
Finished building: ../src/platform.c
 
Building target: start.elf
Invoking: ARM v7 gcc linker
arm-none-eabi-gcc -mcpu=cortex-a9 -mfpu=vfpv3 -mfloat-abi=hard -Wl,-build-id=none -specs=Xilinx.spec -Wl,-T -Wl,../src/lscript.ld -L../../start_bsp/ps7_cortexa9_0/lib -o "start.elf"  ./src/helloworld.o ./src/platform.o   -Wl,--start-group,-lxil,-lgcc,-lc,--end-group
Finished building target: start.elf
 
Invoking: ARM v7 Print Size
arm-none-eabi-size start.elf  |tee "start.elf.size"
   text	   data	    bss	    dec	    hex	filename
  19348	   1144	  22568	  43060	   a834	start.elf
Finished building: start.elf.size
 
16:29:12 **** Clean-only build of project start_bsp ****
make -k clean 
D:/Xilinx/SDK/2018.3/gnuwin/bin/make -C ps7_cortexa9_0/libsrc/coresightps_dcc_v1_4/src -s clean 
D:/Xilinx/SDK/2018.3/gnuwin/bin/make -C ps7_cortexa9_0/libsrc/cpu_cortexa9_v2_7/src -s clean 
D:/Xilinx/SDK/2018.3/gnuwin/bin/make -C ps7_cortexa9_0/libsrc/ddrps_v1_0/src -s clean 
D:/Xilinx/SDK/2018.3/gnuwin/bin/make -C ps7_cortexa9_0/libsrc/devcfg_v3_5/src -s clean 
D:/Xilinx/SDK/2018.3/gnuwin/bin/make -C ps7_cortexa9_0/libsrc/dmaps_v2_4/src -s clean 
D:/Xilinx/SDK/2018.3/gnuwin/bin/make -C ps7_cortexa9_0/libsrc/scugic_v3_10/src -s clean 
D:/Xilinx/SDK/2018.3/gnuwin/bin/make -C ps7_cortexa9_0/libsrc/scutimer_v2_1/src -s clean 
D:/Xilinx/SDK/2018.3/gnuwin/bin/make -C ps7_cortexa9_0/libsrc/scuwdt_v2_1/src -s clean 
D:/Xilinx/SDK/2018.3/gnuwin/bin/make -C ps7_cortexa9_0/libsrc/standalone_v6_8/src -s clean 
D:/Xilinx/SDK/2018.3/gnuwin/bin/make -C ps7_cortexa9_0/libsrc/uartps_v3_7/src -s clean 
D:/Xilinx/SDK/2018.3/gnuwin/bin/make -C ps7_cortexa9_0/libsrc/xadcps_v2_3/src -s clean 
rm -f ps7_cortexa9_0/lib/libxil.a
16:29:13 **** Clean-only build of configuration Debug for project start ****
make clean 
rm -rf  ./src/helloworld.o ./src/platform.o  ./src/helloworld.d ./src/platform.d  start.elf.size  start.elf
 
16:29:13 **** Build of project start_bsp ****
make -k all 

C:\AI\AIFPGA\sv\sv.sdk\start_bsp>DOSKEY sim =cd C:\AI\AIFPGA\sv\sv.srcs\sources_1\sim 

C:\AI\AIFPGA\sv\sv.sdk\start_bsp>DOSKEY yolo =cd C:\AI\AIYolo 

C:\AI\AIFPGA\sv\sv.sdk\start_bsp>DOSKEY aisim =cd C:\AI\AISim\AISim\Release 
"Running Make include in ps7_cortexa9_0/libsrc/coresightps_dcc_v1_4/src"
D:/Xilinx/SDK/2018.3/gnuwin/bin/make -C ps7_cortexa9_0/libsrc/coresightps_dcc_v1_4/src -s include  "SHELL=CMD" "COMPILER=arm-none-eabi-gcc" "ARCHIVER=arm-none-eabi-ar" "COMPILER_FLAGS=  -O2 -c" "EXTRA_COMPILER_FLAGS=-mcpu=cortex-a9 -mfpu=vfpv3 -mfloat-abi=hard -nostartfiles -g -Wall -Wextra"

C:\AI\AIFPGA\sv\sv.sdk\start_bsp>DOSKEY sim =cd C:\AI\AIFPGA\sv\sv.srcs\sources_1\sim 

C:\AI\AIFPGA\sv\sv.sdk\start_bsp>DOSKEY yolo =cd C:\AI\AIYolo 

C:\AI\AIFPGA\sv\sv.sdk\start_bsp>DOSKEY aisim =cd C:\AI\AISim\AISim\Release 
"Running Make include in ps7_cortexa9_0/libsrc/cpu_cortexa9_v2_7/src"
D:/Xilinx/SDK/2018.3/gnuwin/bin/make -C ps7_cortexa9_0/libsrc/cpu_cortexa9_v2_7/src -s include  "SHELL=CMD" "COMPILER=arm-none-eabi-gcc" "ARCHIVER=arm-none-eabi-ar" "COMPILER_FLAGS=  -O2 -c" "EXTRA_COMPILER_FLAGS=-mcpu=cortex-a9 -mfpu=vfpv3 -mfloat-abi=hard -nostartfiles -g -Wall -Wextra"

C:\AI\AIFPGA\sv\sv.sdk\start_bsp>DOSKEY sim =cd C:\AI\AIFPGA\sv\sv.srcs\sources_1\sim 

C:\AI\AIFPGA\sv\sv.sdk\start_bsp>DOSKEY yolo =cd C:\AI\AIYolo 

C:\AI\AIFPGA\sv\sv.sdk\start_bsp>DOSKEY aisim =cd C:\AI\AISim\AISim\Release 
"Running Make include in ps7_cortexa9_0/libsrc/ddrps_v1_0/src"
D:/Xilinx/SDK/2018.3/gnuwin/bin/make -C ps7_cortexa9_0/libsrc/ddrps_v1_0/src -s include  "SHELL=CMD" "COMPILER=arm-none-eabi-gcc" "ARCHIVER=arm-none-eabi-ar" "COMPILER_FLAGS=  -O2 -c" "EXTRA_COMPILER_FLAGS=-mcpu=cortex-a9 -mfpu=vfpv3 -mfloat-abi=hard -nostartfiles -g -Wall -Wextra"

C:\AI\AIFPGA\sv\sv.sdk\start_bsp>DOSKEY sim =cd C:\AI\AIFPGA\sv\sv.srcs\sources_1\sim 

C:\AI\AIFPGA\sv\sv.sdk\start_bsp>DOSKEY yolo =cd C:\AI\AIYolo 

C:\AI\AIFPGA\sv\sv.sdk\start_bsp>DOSKEY aisim =cd C:\AI\AISim\AISim\Release 
"Running Make include in ps7_cortexa9_0/libsrc/devcfg_v3_5/src"
D:/Xilinx/SDK/2018.3/gnuwin/bin/make -C ps7_cortexa9_0/libsrc/devcfg_v3_5/src -s include  "SHELL=CMD" "COMPILER=arm-none-eabi-gcc" "ARCHIVER=arm-none-eabi-ar" "COMPILER_FLAGS=  -O2 -c" "EXTRA_COMPILER_FLAGS=-mcpu=cortex-a9 -mfpu=vfpv3 -mfloat-abi=hard -nostartfiles -g -Wall -Wextra"

C:\AI\AIFPGA\sv\sv.sdk\start_bsp>DOSKEY sim =cd C:\AI\AIFPGA\sv\sv.srcs\sources_1\sim 

C:\AI\AIFPGA\sv\sv.sdk\start_bsp>DOSKEY yolo =cd C:\AI\AIYolo 

C:\AI\AIFPGA\sv\sv.sdk\start_bsp>DOSKEY aisim =cd C:\AI\AISim\AISim\Release 
"Running Make include in ps7_cortexa9_0/libsrc/dmaps_v2_4/src"
D:/Xilinx/SDK/2018.3/gnuwin/bin/make -C ps7_cortexa9_0/libsrc/dmaps_v2_4/src -s include  "SHELL=CMD" "COMPILER=arm-none-eabi-gcc" "ARCHIVER=arm-none-eabi-ar" "COMPILER_FLAGS=  -O2 -c" "EXTRA_COMPILER_FLAGS=-mcpu=cortex-a9 -mfpu=vfpv3 -mfloat-abi=hard -nostartfiles -g -Wall -Wextra"

C:\AI\AIFPGA\sv\sv.sdk\start_bsp>DOSKEY sim =cd C:\AI\AIFPGA\sv\sv.srcs\sources_1\sim 

C:\AI\AIFPGA\sv\sv.sdk\start_bsp>DOSKEY yolo =cd C:\AI\AIYolo 

C:\AI\AIFPGA\sv\sv.sdk\start_bsp>DOSKEY aisim =cd C:\AI\AISim\AISim\Release 
"Running Make include in ps7_cortexa9_0/libsrc/scugic_v3_10/src"
D:/Xilinx/SDK/2018.3/gnuwin/bin/make -C ps7_cortexa9_0/libsrc/scugic_v3_10/src -s include  "SHELL=CMD" "COMPILER=arm-none-eabi-gcc" "ARCHIVER=arm-none-eabi-ar" "COMPILER_FLAGS=  -O2 -c" "EXTRA_COMPILER_FLAGS=-mcpu=cortex-a9 -mfpu=vfpv3 -mfloat-abi=hard -nostartfiles -g -Wall -Wextra"

C:\AI\AIFPGA\sv\sv.sdk\start_bsp>DOSKEY sim =cd C:\AI\AIFPGA\sv\sv.srcs\sources_1\sim 

C:\AI\AIFPGA\sv\sv.sdk\start_bsp>DOSKEY yolo =cd C:\AI\AIYolo 

C:\AI\AIFPGA\sv\sv.sdk\start_bsp>DOSKEY aisim =cd C:\AI\AISim\AISim\Release 
"Running Make include in ps7_cortexa9_0/libsrc/scutimer_v2_1/src"
D:/Xilinx/SDK/2018.3/gnuwin/bin/make -C ps7_cortexa9_0/libsrc/scutimer_v2_1/src -s include  "SHELL=CMD" "COMPILER=arm-none-eabi-gcc" "ARCHIVER=arm-none-eabi-ar" "COMPILER_FLAGS=  -O2 -c" "EXTRA_COMPILER_FLAGS=-mcpu=cortex-a9 -mfpu=vfpv3 -mfloat-abi=hard -nostartfiles -g -Wall -Wextra"

C:\AI\AIFPGA\sv\sv.sdk\start_bsp>DOSKEY sim =cd C:\AI\AIFPGA\sv\sv.srcs\sources_1\sim 

C:\AI\AIFPGA\sv\sv.sdk\start_bsp>DOSKEY yolo =cd C:\AI\AIYolo 

C:\AI\AIFPGA\sv\sv.sdk\start_bsp>DOSKEY aisim =cd C:\AI\AISim\AISim\Release 
"Running Make include in ps7_cortexa9_0/libsrc/scuwdt_v2_1/src"
D:/Xilinx/SDK/2018.3/gnuwin/bin/make -C ps7_cortexa9_0/libsrc/scuwdt_v2_1/src -s include  "SHELL=CMD" "COMPILER=arm-none-eabi-gcc" "ARCHIVER=arm-none-eabi-ar" "COMPILER_FLAGS=  -O2 -c" "EXTRA_COMPILER_FLAGS=-mcpu=cortex-a9 -mfpu=vfpv3 -mfloat-abi=hard -nostartfiles -g -Wall -Wextra"

C:\AI\AIFPGA\sv\sv.sdk\start_bsp>DOSKEY sim =cd C:\AI\AIFPGA\sv\sv.srcs\sources_1\sim 

C:\AI\AIFPGA\sv\sv.sdk\start_bsp>DOSKEY yolo =cd C:\AI\AIYolo 

C:\AI\AIFPGA\sv\sv.sdk\start_bsp>DOSKEY aisim =cd C:\AI\AISim\AISim\Release 
"Running Make include in ps7_cortexa9_0/libsrc/standalone_v6_8/src"
D:/Xilinx/SDK/2018.3/gnuwin/bin/make -C ps7_cortexa9_0/libsrc/standalone_v6_8/src -s include  "SHELL=CMD" "COMPILER=arm-none-eabi-gcc" "ARCHIVER=arm-none-eabi-ar" "COMPILER_FLAGS=  -O2 -c" "EXTRA_COMPILER_FLAGS=-mcpu=cortex-a9 -mfpu=vfpv3 -mfloat-abi=hard -nostartfiles -g -Wall -Wextra"

C:\AI\AIFPGA\sv\sv.sdk\start_bsp>DOSKEY sim =cd C:\AI\AIFPGA\sv\sv.srcs\sources_1\sim 

C:\AI\AIFPGA\sv\sv.sdk\start_bsp>DOSKEY yolo =cd C:\AI\AIYolo 

C:\AI\AIFPGA\sv\sv.sdk\start_bsp>DOSKEY aisim =cd C:\AI\AISim\AISim\Release 
"Running Make include in ps7_cortexa9_0/libsrc/uartps_v3_7/src"
D:/Xilinx/SDK/2018.3/gnuwin/bin/make -C ps7_cortexa9_0/libsrc/uartps_v3_7/src -s include  "SHELL=CMD" "COMPILER=arm-none-eabi-gcc" "ARCHIVER=arm-none-eabi-ar" "COMPILER_FLAGS=  -O2 -c" "EXTRA_COMPILER_FLAGS=-mcpu=cortex-a9 -mfpu=vfpv3 -mfloat-abi=hard -nostartfiles -g -Wall -Wextra"

C:\AI\AIFPGA\sv\sv.sdk\start_bsp>DOSKEY sim =cd C:\AI\AIFPGA\sv\sv.srcs\sources_1\sim 

C:\AI\AIFPGA\sv\sv.sdk\start_bsp>DOSKEY yolo =cd C:\AI\AIYolo 

C:\AI\AIFPGA\sv\sv.sdk\start_bsp>DOSKEY aisim =cd C:\AI\AISim\AISim\Release 
"Running Make include in ps7_cortexa9_0/libsrc/xadcps_v2_3/src"
D:/Xilinx/SDK/2018.3/gnuwin/bin/make -C ps7_cortexa9_0/libsrc/xadcps_v2_3/src -s include  "SHELL=CMD" "COMPILER=arm-none-eabi-gcc" "ARCHIVER=arm-none-eabi-ar" "COMPILER_FLAGS=  -O2 -c" "EXTRA_COMPILER_FLAGS=-mcpu=cortex-a9 -mfpu=vfpv3 -mfloat-abi=hard -nostartfiles -g -Wall -Wextra"

C:\AI\AIFPGA\sv\sv.sdk\start_bsp>DOSKEY sim =cd C:\AI\AIFPGA\sv\sv.srcs\sources_1\sim 

C:\AI\AIFPGA\sv\sv.sdk\start_bsp>DOSKEY yolo =cd C:\AI\AIYolo 

C:\AI\AIFPGA\sv\sv.sdk\start_bsp>DOSKEY aisim =cd C:\AI\AISim\AISim\Release 
"Running Make libs in ps7_cortexa9_0/libsrc/coresightps_dcc_v1_4/src"
D:/Xilinx/SDK/2018.3/gnuwin/bin/make -C ps7_cortexa9_0/libsrc/coresightps_dcc_v1_4/src -s libs  "SHELL=CMD" "COMPILER=arm-none-eabi-gcc" "ARCHIVER=arm-none-eabi-ar" "COMPILER_FLAGS=  -O2 -c" "EXTRA_COMPILER_FLAGS=-mcpu=cortex-a9 -mfpu=vfpv3 -mfloat-abi=hard -nostartfiles -g -Wall -Wextra"

C:\AI\AIFPGA\sv\sv.sdk\start_bsp\ps7_cortexa9_0\libsrc\coresightps_dcc_v1_4\src>DOSKEY sim =cd C:\AI\AIFPGA\sv\sv.srcs\sources_1\sim 

C:\AI\AIFPGA\sv\sv.sdk\start_bsp\ps7_cortexa9_0\libsrc\coresightps_dcc_v1_4\src>DOSKEY yolo =cd C:\AI\AIYolo 

C:\AI\AIFPGA\sv\sv.sdk\start_bsp\ps7_cortexa9_0\libsrc\coresightps_dcc_v1_4\src>DOSKEY aisim =cd C:\AI\AISim\AISim\Release 
"Compiling coresightps_dcc"
arm-none-eabi-ar: creating ../../../lib/libxil.a

C:\AI\AIFPGA\sv\sv.sdk\start_bsp>DOSKEY sim =cd C:\AI\AIFPGA\sv\sv.srcs\sources_1\sim 

C:\AI\AIFPGA\sv\sv.sdk\start_bsp>DOSKEY yolo =cd C:\AI\AIYolo 

C:\AI\AIFPGA\sv\sv.sdk\start_bsp>DOSKEY aisim =cd C:\AI\AISim\AISim\Release 
"Running Make libs in ps7_cortexa9_0/libsrc/cpu_cortexa9_v2_7/src"
D:/Xilinx/SDK/2018.3/gnuwin/bin/make -C ps7_cortexa9_0/libsrc/cpu_cortexa9_v2_7/src -s libs  "SHELL=CMD" "COMPILER=arm-none-eabi-gcc" "ARCHIVER=arm-none-eabi-ar" "COMPILER_FLAGS=  -O2 -c" "EXTRA_COMPILER_FLAGS=-mcpu=cortex-a9 -mfpu=vfpv3 -mfloat-abi=hard -nostartfiles -g -Wall -Wextra"

C:\AI\AIFPGA\sv\sv.sdk\start_bsp\ps7_cortexa9_0\libsrc\cpu_cortexa9_v2_7\src>DOSKEY sim =cd C:\AI\AIFPGA\sv\sv.srcs\sources_1\sim 

C:\AI\AIFPGA\sv\sv.sdk\start_bsp\ps7_cortexa9_0\libsrc\cpu_cortexa9_v2_7\src>DOSKEY yolo =cd C:\AI\AIYolo 

C:\AI\AIFPGA\sv\sv.sdk\start_bsp\ps7_cortexa9_0\libsrc\cpu_cortexa9_v2_7\src>DOSKEY aisim =cd C:\AI\AISim\AISim\Release 
"Compiling cpu_cortexa9"

C:\AI\AIFPGA\sv\sv.sdk\start_bsp>DOSKEY sim =cd C:\AI\AIFPGA\sv\sv.srcs\sources_1\sim 

C:\AI\AIFPGA\sv\sv.sdk\start_bsp>DOSKEY yolo =cd C:\AI\AIYolo 

C:\AI\AIFPGA\sv\sv.sdk\start_bsp>DOSKEY aisim =cd C:\AI\AISim\AISim\Release 
"Running Make libs in ps7_cortexa9_0/libsrc/ddrps_v1_0/src"
D:/Xilinx/SDK/2018.3/gnuwin/bin/make -C ps7_cortexa9_0/libsrc/ddrps_v1_0/src -s libs  "SHELL=CMD" "COMPILER=arm-none-eabi-gcc" "ARCHIVER=arm-none-eabi-ar" "COMPILER_FLAGS=  -O2 -c" "EXTRA_COMPILER_FLAGS=-mcpu=cortex-a9 -mfpu=vfpv3 -mfloat-abi=hard -nostartfiles -g -Wall -Wextra"

C:\AI\AIFPGA\sv\sv.sdk\start_bsp\ps7_cortexa9_0\libsrc\ddrps_v1_0\src>DOSKEY sim =cd C:\AI\AIFPGA\sv\sv.srcs\sources_1\sim 

C:\AI\AIFPGA\sv\sv.sdk\start_bsp\ps7_cortexa9_0\libsrc\ddrps_v1_0\src>DOSKEY yolo =cd C:\AI\AIYolo 

C:\AI\AIFPGA\sv\sv.sdk\start_bsp\ps7_cortexa9_0\libsrc\ddrps_v1_0\src>DOSKEY aisim =cd C:\AI\AISim\AISim\Release 
"Compiling ddrps"

C:\AI\AIFPGA\sv\sv.sdk\start_bsp>DOSKEY sim =cd C:\AI\AIFPGA\sv\sv.srcs\sources_1\sim 

C:\AI\AIFPGA\sv\sv.sdk\start_bsp>DOSKEY yolo =cd C:\AI\AIYolo 

C:\AI\AIFPGA\sv\sv.sdk\start_bsp>DOSKEY aisim =cd C:\AI\AISim\AISim\Release 
"Running Make libs in ps7_cortexa9_0/libsrc/devcfg_v3_5/src"
D:/Xilinx/SDK/2018.3/gnuwin/bin/make -C ps7_cortexa9_0/libsrc/devcfg_v3_5/src -s libs  "SHELL=CMD" "COMPILER=arm-none-eabi-gcc" "ARCHIVER=arm-none-eabi-ar" "COMPILER_FLAGS=  -O2 -c" "EXTRA_COMPILER_FLAGS=-mcpu=cortex-a9 -mfpu=vfpv3 -mfloat-abi=hard -nostartfiles -g -Wall -Wextra"

C:\AI\AIFPGA\sv\sv.sdk\start_bsp\ps7_cortexa9_0\libsrc\devcfg_v3_5\src>DOSKEY sim =cd C:\AI\AIFPGA\sv\sv.srcs\sources_1\sim 

C:\AI\AIFPGA\sv\sv.sdk\start_bsp\ps7_cortexa9_0\libsrc\devcfg_v3_5\src>DOSKEY yolo =cd C:\AI\AIYolo 

C:\AI\AIFPGA\sv\sv.sdk\start_bsp\ps7_cortexa9_0\libsrc\devcfg_v3_5\src>DOSKEY aisim =cd C:\AI\AISim\AISim\Release 
"Compiling devcfg"

C:\AI\AIFPGA\sv\sv.sdk\start_bsp>DOSKEY sim =cd C:\AI\AIFPGA\sv\sv.srcs\sources_1\sim 

C:\AI\AIFPGA\sv\sv.sdk\start_bsp>DOSKEY yolo =cd C:\AI\AIYolo 

C:\AI\AIFPGA\sv\sv.sdk\start_bsp>DOSKEY aisim =cd C:\AI\AISim\AISim\Release 
"Running Make libs in ps7_cortexa9_0/libsrc/dmaps_v2_4/src"
D:/Xilinx/SDK/2018.3/gnuwin/bin/make -C ps7_cortexa9_0/libsrc/dmaps_v2_4/src -s libs  "SHELL=CMD" "COMPILER=arm-none-eabi-gcc" "ARCHIVER=arm-none-eabi-ar" "COMPILER_FLAGS=  -O2 -c" "EXTRA_COMPILER_FLAGS=-mcpu=cortex-a9 -mfpu=vfpv3 -mfloat-abi=hard -nostartfiles -g -Wall -Wextra"

C:\AI\AIFPGA\sv\sv.sdk\start_bsp\ps7_cortexa9_0\libsrc\dmaps_v2_4\src>DOSKEY sim =cd C:\AI\AIFPGA\sv\sv.srcs\sources_1\sim 

C:\AI\AIFPGA\sv\sv.sdk\start_bsp\ps7_cortexa9_0\libsrc\dmaps_v2_4\src>DOSKEY yolo =cd C:\AI\AIYolo 

C:\AI\AIFPGA\sv\sv.sdk\start_bsp\ps7_cortexa9_0\libsrc\dmaps_v2_4\src>DOSKEY aisim =cd C:\AI\AISim\AISim\Release 
"Compiling dmaps"

C:\AI\AIFPGA\sv\sv.sdk\start_bsp>DOSKEY sim =cd C:\AI\AIFPGA\sv\sv.srcs\sources_1\sim 

C:\AI\AIFPGA\sv\sv.sdk\start_bsp>DOSKEY yolo =cd C:\AI\AIYolo 

C:\AI\AIFPGA\sv\sv.sdk\start_bsp>DOSKEY aisim =cd C:\AI\AISim\AISim\Release 
"Running Make libs in ps7_cortexa9_0/libsrc/scugic_v3_10/src"
D:/Xilinx/SDK/2018.3/gnuwin/bin/make -C ps7_cortexa9_0/libsrc/scugic_v3_10/src -s libs  "SHELL=CMD" "COMPILER=arm-none-eabi-gcc" "ARCHIVER=arm-none-eabi-ar" "COMPILER_FLAGS=  -O2 -c" "EXTRA_COMPILER_FLAGS=-mcpu=cortex-a9 -mfpu=vfpv3 -mfloat-abi=hard -nostartfiles -g -Wall -Wextra"

C:\AI\AIFPGA\sv\sv.sdk\start_bsp\ps7_cortexa9_0\libsrc\scugic_v3_10\src>DOSKEY sim =cd C:\AI\AIFPGA\sv\sv.srcs\sources_1\sim 

C:\AI\AIFPGA\sv\sv.sdk\start_bsp\ps7_cortexa9_0\libsrc\scugic_v3_10\src>DOSKEY yolo =cd C:\AI\AIYolo 

C:\AI\AIFPGA\sv\sv.sdk\start_bsp\ps7_cortexa9_0\libsrc\scugic_v3_10\src>DOSKEY aisim =cd C:\AI\AISim\AISim\Release 
"Compiling scugic"

C:\AI\AIFPGA\sv\sv.sdk\start_bsp>DOSKEY sim =cd C:\AI\AIFPGA\sv\sv.srcs\sources_1\sim 

C:\AI\AIFPGA\sv\sv.sdk\start_bsp>DOSKEY yolo =cd C:\AI\AIYolo 

C:\AI\AIFPGA\sv\sv.sdk\start_bsp>DOSKEY aisim =cd C:\AI\AISim\AISim\Release 
"Running Make libs in ps7_cortexa9_0/libsrc/scutimer_v2_1/src"
D:/Xilinx/SDK/2018.3/gnuwin/bin/make -C ps7_cortexa9_0/libsrc/scutimer_v2_1/src -s libs  "SHELL=CMD" "COMPILER=arm-none-eabi-gcc" "ARCHIVER=arm-none-eabi-ar" "COMPILER_FLAGS=  -O2 -c" "EXTRA_COMPILER_FLAGS=-mcpu=cortex-a9 -mfpu=vfpv3 -mfloat-abi=hard -nostartfiles -g -Wall -Wextra"

C:\AI\AIFPGA\sv\sv.sdk\start_bsp\ps7_cortexa9_0\libsrc\scutimer_v2_1\src>DOSKEY sim =cd C:\AI\AIFPGA\sv\sv.srcs\sources_1\sim 

C:\AI\AIFPGA\sv\sv.sdk\start_bsp\ps7_cortexa9_0\libsrc\scutimer_v2_1\src>DOSKEY yolo =cd C:\AI\AIYolo 

C:\AI\AIFPGA\sv\sv.sdk\start_bsp\ps7_cortexa9_0\libsrc\scutimer_v2_1\src>DOSKEY aisim =cd C:\AI\AISim\AISim\Release 
"Compiling scutimer"

C:\AI\AIFPGA\sv\sv.sdk\start_bsp>DOSKEY sim =cd C:\AI\AIFPGA\sv\sv.srcs\sources_1\sim 

C:\AI\AIFPGA\sv\sv.sdk\start_bsp>DOSKEY yolo =cd C:\AI\AIYolo 

C:\AI\AIFPGA\sv\sv.sdk\start_bsp>DOSKEY aisim =cd C:\AI\AISim\AISim\Release 
"Running Make libs in ps7_cortexa9_0/libsrc/scuwdt_v2_1/src"
D:/Xilinx/SDK/2018.3/gnuwin/bin/make -C ps7_cortexa9_0/libsrc/scuwdt_v2_1/src -s libs  "SHELL=CMD" "COMPILER=arm-none-eabi-gcc" "ARCHIVER=arm-none-eabi-ar" "COMPILER_FLAGS=  -O2 -c" "EXTRA_COMPILER_FLAGS=-mcpu=cortex-a9 -mfpu=vfpv3 -mfloat-abi=hard -nostartfiles -g -Wall -Wextra"

C:\AI\AIFPGA\sv\sv.sdk\start_bsp\ps7_cortexa9_0\libsrc\scuwdt_v2_1\src>DOSKEY sim =cd C:\AI\AIFPGA\sv\sv.srcs\sources_1\sim 

C:\AI\AIFPGA\sv\sv.sdk\start_bsp\ps7_cortexa9_0\libsrc\scuwdt_v2_1\src>DOSKEY yolo =cd C:\AI\AIYolo 

C:\AI\AIFPGA\sv\sv.sdk\start_bsp\ps7_cortexa9_0\libsrc\scuwdt_v2_1\src>DOSKEY aisim =cd C:\AI\AISim\AISim\Release 
"Compiling scuwdt"

C:\AI\AIFPGA\sv\sv.sdk\start_bsp>DOSKEY sim =cd C:\AI\AIFPGA\sv\sv.srcs\sources_1\sim 

C:\AI\AIFPGA\sv\sv.sdk\start_bsp>DOSKEY yolo =cd C:\AI\AIYolo 

C:\AI\AIFPGA\sv\sv.sdk\start_bsp>DOSKEY aisim =cd C:\AI\AISim\AISim\Release 
"Running Make libs in ps7_cortexa9_0/libsrc/standalone_v6_8/src"
D:/Xilinx/SDK/2018.3/gnuwin/bin/make -C ps7_cortexa9_0/libsrc/standalone_v6_8/src -s libs  "SHELL=CMD" "COMPILER=arm-none-eabi-gcc" "ARCHIVER=arm-none-eabi-ar" "COMPILER_FLAGS=  -O2 -c" "EXTRA_COMPILER_FLAGS=-mcpu=cortex-a9 -mfpu=vfpv3 -mfloat-abi=hard -nostartfiles -g -Wall -Wextra"

C:\AI\AIFPGA\sv\sv.sdk\start_bsp\ps7_cortexa9_0\libsrc\standalone_v6_8\src>DOSKEY sim =cd C:\AI\AIFPGA\sv\sv.srcs\sources_1\sim 

C:\AI\AIFPGA\sv\sv.sdk\start_bsp\ps7_cortexa9_0\libsrc\standalone_v6_8\src>DOSKEY yolo =cd C:\AI\AIYolo 

C:\AI\AIFPGA\sv\sv.sdk\start_bsp\ps7_cortexa9_0\libsrc\standalone_v6_8\src>DOSKEY aisim =cd C:\AI\AISim\AISim\Release 
"Compiling standalone"
In file included from usleep.c:56:0:
xtime_l.h:87:9: note: #pragma message: For the sleep routines, Global timer is being used
 #pragma message ("For the sleep routines, Global timer is being used")
         ^~~~~~~
In file included from xil_sleeptimer.c:51:0:
xtime_l.h:87:9: note: #pragma message: For the sleep routines, Global timer is being used
 #pragma message ("For the sleep routines, Global timer is being used")
         ^~~~~~~
In file included from xtime_l.c:49:0:
xtime_l.h:87:9: note: #pragma message: For the sleep routines, Global timer is being used
 #pragma message ("For the sleep routines, Global timer is being used")
         ^~~~~~~
In file included from sleep.c:53:0:
xtime_l.h:87:9: note: #pragma message: For the sleep routines, Global timer is being used
 #pragma message ("For the sleep routines, Global timer is being used")
         ^~~~~~~

C:\AI\AIFPGA\sv\sv.sdk\start_bsp>DOSKEY sim =cd C:\AI\AIFPGA\sv\sv.srcs\sources_1\sim 

C:\AI\AIFPGA\sv\sv.sdk\start_bsp>DOSKEY yolo =cd C:\AI\AIYolo 

C:\AI\AIFPGA\sv\sv.sdk\start_bsp>DOSKEY aisim =cd C:\AI\AISim\AISim\Release 
"Running Make libs in ps7_cortexa9_0/libsrc/uartps_v3_7/src"
D:/Xilinx/SDK/2018.3/gnuwin/bin/make -C ps7_cortexa9_0/libsrc/uartps_v3_7/src -s libs  "SHELL=CMD" "COMPILER=arm-none-eabi-gcc" "ARCHIVER=arm-none-eabi-ar" "COMPILER_FLAGS=  -O2 -c" "EXTRA_COMPILER_FLAGS=-mcpu=cortex-a9 -mfpu=vfpv3 -mfloat-abi=hard -nostartfiles -g -Wall -Wextra"

C:\AI\AIFPGA\sv\sv.sdk\start_bsp\ps7_cortexa9_0\libsrc\uartps_v3_7\src>DOSKEY sim =cd C:\AI\AIFPGA\sv\sv.srcs\sources_1\sim 

C:\AI\AIFPGA\sv\sv.sdk\start_bsp\ps7_cortexa9_0\libsrc\uartps_v3_7\src>DOSKEY yolo =cd C:\AI\AIYolo 

C:\AI\AIFPGA\sv\sv.sdk\start_bsp\ps7_cortexa9_0\libsrc\uartps_v3_7\src>DOSKEY aisim =cd C:\AI\AISim\AISim\Release 
"Compiling uartps"

[...]
rm -f ps7_cortexa9_0/lib/libxil.a
13:47:00 **** Clean-only build of configuration Debug for project start ****
make clean 
rm -rf  ./src/helloworld.o ./src/platform.o  ./src/helloworld.d ./src/platform.d  start.elf.size  start.elf
 
13:47:01 **** Build of project start_bsp ****
make -k all 

C:\AI\AIFPGA\sv\sv.sdk\start_bsp>DOSKEY sim =cd C:\AI\AIFPGA\sv\sv.srcs\sources_1\sim 

C:\AI\AIFPGA\sv\sv.sdk\start_bsp>DOSKEY yolo =cd C:\AI\AIYolo 

C:\AI\AIFPGA\sv\sv.sdk\start_bsp>DOSKEY aisim =cd C:\AI\AISim\AISim\Release 
"Running Make include in ps7_cortexa9_0/libsrc/coresightps_dcc_v1_4/src"
D:/Xilinx/SDK/2018.3/gnuwin/bin/make -C ps7_cortexa9_0/libsrc/coresightps_dcc_v1_4/src -s include  "SHELL=CMD" "COMPILER=arm-none-eabi-gcc" "ARCHIVER=arm-none-eabi-ar" "COMPILER_FLAGS=  -O2 -c" "EXTRA_COMPILER_FLAGS=-mcpu=cortex-a9 -mfpu=vfpv3 -mfloat-abi=hard -nostartfiles -g -Wall -Wextra"

C:\AI\AIFPGA\sv\sv.sdk\start_bsp>DOSKEY sim =cd C:\AI\AIFPGA\sv\sv.srcs\sources_1\sim 

C:\AI\AIFPGA\sv\sv.sdk\start_bsp>DOSKEY yolo =cd C:\AI\AIYolo 

C:\AI\AIFPGA\sv\sv.sdk\start_bsp>DOSKEY aisim =cd C:\AI\AISim\AISim\Release 
"Running Make include in ps7_cortexa9_0/libsrc/cpu_cortexa9_v2_7/src"
D:/Xilinx/SDK/2018.3/gnuwin/bin/make -C ps7_cortexa9_0/libsrc/cpu_cortexa9_v2_7/src -s include  "SHELL=CMD" "COMPILER=arm-none-eabi-gcc" "ARCHIVER=arm-none-eabi-ar" "COMPILER_FLAGS=  -O2 -c" "EXTRA_COMPILER_FLAGS=-mcpu=cortex-a9 -mfpu=vfpv3 -mfloat-abi=hard -nostartfiles -g -Wall -Wextra"

C:\AI\AIFPGA\sv\sv.sdk\start_bsp>DOSKEY sim =cd C:\AI\AIFPGA\sv\sv.srcs\sources_1\sim 

C:\AI\AIFPGA\sv\sv.sdk\start_bsp>DOSKEY yolo =cd C:\AI\AIYolo 

C:\AI\AIFPGA\sv\sv.sdk\start_bsp>DOSKEY aisim =cd C:\AI\AISim\AISim\Release 
"Running Make include in ps7_cortexa9_0/libsrc/ddrps_v1_0/src"
D:/Xilinx/SDK/2018.3/gnuwin/bin/make -C ps7_cortexa9_0/libsrc/ddrps_v1_0/src -s include  "SHELL=CMD" "COMPILER=arm-none-eabi-gcc" "ARCHIVER=arm-none-eabi-ar" "COMPILER_FLAGS=  -O2 -c" "EXTRA_COMPILER_FLAGS=-mcpu=cortex-a9 -mfpu=vfpv3 -mfloat-abi=hard -nostartfiles -g -Wall -Wextra"

C:\AI\AIFPGA\sv\sv.sdk\start_bsp>DOSKEY sim =cd C:\AI\AIFPGA\sv\sv.srcs\sources_1\sim 

C:\AI\AIFPGA\sv\sv.sdk\start_bsp>DOSKEY yolo =cd C:\AI\AIYolo 

C:\AI\AIFPGA\sv\sv.sdk\start_bsp>DOSKEY aisim =cd C:\AI\AISim\AISim\Release 
"Running Make include in ps7_cortexa9_0/libsrc/devcfg_v3_5/src"
D:/Xilinx/SDK/2018.3/gnuwin/bin/make -C ps7_cortexa9_0/libsrc/devcfg_v3_5/src -s include  "SHELL=CMD" "COMPILER=arm-none-eabi-gcc" "ARCHIVER=arm-none-eabi-ar" "COMPILER_FLAGS=  -O2 -c" "EXTRA_COMPILER_FLAGS=-mcpu=cortex-a9 -mfpu=vfpv3 -mfloat-abi=hard -nostartfiles -g -Wall -Wextra"

C:\AI\AIFPGA\sv\sv.sdk\start_bsp>DOSKEY sim =cd C:\AI\AIFPGA\sv\sv.srcs\sources_1\sim 

C:\AI\AIFPGA\sv\sv.sdk\start_bsp>DOSKEY yolo =cd C:\AI\AIYolo 

C:\AI\AIFPGA\sv\sv.sdk\start_bsp>DOSKEY aisim =cd C:\AI\AISim\AISim\Release 
"Running Make include in ps7_cortexa9_0/libsrc/dmaps_v2_4/src"
D:/Xilinx/SDK/2018.3/gnuwin/bin/make -C ps7_cortexa9_0/libsrc/dmaps_v2_4/src -s include  "SHELL=CMD" "COMPILER=arm-none-eabi-gcc" "ARCHIVER=arm-none-eabi-ar" "COMPILER_FLAGS=  -O2 -c" "EXTRA_COMPILER_FLAGS=-mcpu=cortex-a9 -mfpu=vfpv3 -mfloat-abi=hard -nostartfiles -g -Wall -Wextra"

C:\AI\AIFPGA\sv\sv.sdk\start_bsp>DOSKEY sim =cd C:\AI\AIFPGA\sv\sv.srcs\sources_1\sim 

C:\AI\AIFPGA\sv\sv.sdk\start_bsp>DOSKEY yolo =cd C:\AI\AIYolo 

C:\AI\AIFPGA\sv\sv.sdk\start_bsp>DOSKEY aisim =cd C:\AI\AISim\AISim\Release 
"Running Make include in ps7_cortexa9_0/libsrc/scugic_v3_10/src"
D:/Xilinx/SDK/2018.3/gnuwin/bin/make -C ps7_cortexa9_0/libsrc/scugic_v3_10/src -s include  "SHELL=CMD" "COMPILER=arm-none-eabi-gcc" "ARCHIVER=arm-none-eabi-ar" "COMPILER_FLAGS=  -O2 -c" "EXTRA_COMPILER_FLAGS=-mcpu=cortex-a9 -mfpu=vfpv3 -mfloat-abi=hard -nostartfiles -g -Wall -Wextra"

C:\AI\AIFPGA\sv\sv.sdk\start_bsp>DOSKEY sim =cd C:\AI\AIFPGA\sv\sv.srcs\sources_1\sim 

C:\AI\AIFPGA\sv\sv.sdk\start_bsp>DOSKEY yolo =cd C:\AI\AIYolo 

C:\AI\AIFPGA\sv\sv.sdk\start_bsp>DOSKEY aisim =cd C:\AI\AISim\AISim\Release 
"Running Make include in ps7_cortexa9_0/libsrc/scutimer_v2_1/src"
D:/Xilinx/SDK/2018.3/gnuwin/bin/make -C ps7_cortexa9_0/libsrc/scutimer_v2_1/src -s include  "SHELL=CMD" "COMPILER=arm-none-eabi-gcc" "ARCHIVER=arm-none-eabi-ar" "COMPILER_FLAGS=  -O2 -c" "EXTRA_COMPILER_FLAGS=-mcpu=cortex-a9 -mfpu=vfpv3 -mfloat-abi=hard -nostartfiles -g -Wall -Wextra"

C:\AI\AIFPGA\sv\sv.sdk\start_bsp>DOSKEY sim =cd C:\AI\AIFPGA\sv\sv.srcs\sources_1\sim 

C:\AI\AIFPGA\sv\sv.sdk\start_bsp>DOSKEY yolo =cd C:\AI\AIYolo 

C:\AI\AIFPGA\sv\sv.sdk\start_bsp>DOSKEY aisim =cd C:\AI\AISim\AISim\Release 
"Running Make include in ps7_cortexa9_0/libsrc/scuwdt_v2_1/src"
D:/Xilinx/SDK/2018.3/gnuwin/bin/make -C ps7_cortexa9_0/libsrc/scuwdt_v2_1/src -s include  "SHELL=CMD" "COMPILER=arm-none-eabi-gcc" "ARCHIVER=arm-none-eabi-ar" "COMPILER_FLAGS=  -O2 -c" "EXTRA_COMPILER_FLAGS=-mcpu=cortex-a9 -mfpu=vfpv3 -mfloat-abi=hard -nostartfiles -g -Wall -Wextra"

C:\AI\AIFPGA\sv\sv.sdk\start_bsp>DOSKEY sim =cd C:\AI\AIFPGA\sv\sv.srcs\sources_1\sim 

C:\AI\AIFPGA\sv\sv.sdk\start_bsp>DOSKEY yolo =cd C:\AI\AIYolo 

C:\AI\AIFPGA\sv\sv.sdk\start_bsp>DOSKEY aisim =cd C:\AI\AISim\AISim\Release 
"Running Make include in ps7_cortexa9_0/libsrc/standalone_v6_8/src"
D:/Xilinx/SDK/2018.3/gnuwin/bin/make -C ps7_cortexa9_0/libsrc/standalone_v6_8/src -s include  "SHELL=CMD" "COMPILER=arm-none-eabi-gcc" "ARCHIVER=arm-none-eabi-ar" "COMPILER_FLAGS=  -O2 -c" "EXTRA_COMPILER_FLAGS=-mcpu=cortex-a9 -mfpu=vfpv3 -mfloat-abi=hard -nostartfiles -g -Wall -Wextra"

C:\AI\AIFPGA\sv\sv.sdk\start_bsp>DOSKEY sim =cd C:\AI\AIFPGA\sv\sv.srcs\sources_1\sim 

C:\AI\AIFPGA\sv\sv.sdk\start_bsp>DOSKEY yolo =cd C:\AI\AIYolo 

C:\AI\AIFPGA\sv\sv.sdk\start_bsp>DOSKEY aisim =cd C:\AI\AISim\AISim\Release 
"Running Make include in ps7_cortexa9_0/libsrc/uartps_v3_7/src"
D:/Xilinx/SDK/2018.3/gnuwin/bin/make -C ps7_cortexa9_0/libsrc/uartps_v3_7/src -s include  "SHELL=CMD" "COMPILER=arm-none-eabi-gcc" "ARCHIVER=arm-none-eabi-ar" "COMPILER_FLAGS=  -O2 -c" "EXTRA_COMPILER_FLAGS=-mcpu=cortex-a9 -mfpu=vfpv3 -mfloat-abi=hard -nostartfiles -g -Wall -Wextra"

C:\AI\AIFPGA\sv\sv.sdk\start_bsp>DOSKEY sim =cd C:\AI\AIFPGA\sv\sv.srcs\sources_1\sim 

C:\AI\AIFPGA\sv\sv.sdk\start_bsp>DOSKEY yolo =cd C:\AI\AIYolo 

C:\AI\AIFPGA\sv\sv.sdk\start_bsp>DOSKEY aisim =cd C:\AI\AISim\AISim\Release 
"Running Make include in ps7_cortexa9_0/libsrc/xadcps_v2_3/src"
D:/Xilinx/SDK/2018.3/gnuwin/bin/make -C ps7_cortexa9_0/libsrc/xadcps_v2_3/src -s include  "SHELL=CMD" "COMPILER=arm-none-eabi-gcc" "ARCHIVER=arm-none-eabi-ar" "COMPILER_FLAGS=  -O2 -c" "EXTRA_COMPILER_FLAGS=-mcpu=cortex-a9 -mfpu=vfpv3 -mfloat-abi=hard -nostartfiles -g -Wall -Wextra"

C:\AI\AIFPGA\sv\sv.sdk\start_bsp>DOSKEY sim =cd C:\AI\AIFPGA\sv\sv.srcs\sources_1\sim 

C:\AI\AIFPGA\sv\sv.sdk\start_bsp>DOSKEY yolo =cd C:\AI\AIYolo 

C:\AI\AIFPGA\sv\sv.sdk\start_bsp>DOSKEY aisim =cd C:\AI\AISim\AISim\Release 
"Running Make libs in ps7_cortexa9_0/libsrc/coresightps_dcc_v1_4/src"
D:/Xilinx/SDK/2018.3/gnuwin/bin/make -C ps7_cortexa9_0/libsrc/coresightps_dcc_v1_4/src -s libs  "SHELL=CMD" "COMPILER=arm-none-eabi-gcc" "ARCHIVER=arm-none-eabi-ar" "COMPILER_FLAGS=  -O2 -c" "EXTRA_COMPILER_FLAGS=-mcpu=cortex-a9 -mfpu=vfpv3 -mfloat-abi=hard -nostartfiles -g -Wall -Wextra"

C:\AI\AIFPGA\sv\sv.sdk\start_bsp\ps7_cortexa9_0\libsrc\coresightps_dcc_v1_4\src>DOSKEY sim =cd C:\AI\AIFPGA\sv\sv.srcs\sources_1\sim 

C:\AI\AIFPGA\sv\sv.sdk\start_bsp\ps7_cortexa9_0\libsrc\coresightps_dcc_v1_4\src>DOSKEY yolo =cd C:\AI\AIYolo 

C:\AI\AIFPGA\sv\sv.sdk\start_bsp\ps7_cortexa9_0\libsrc\coresightps_dcc_v1_4\src>DOSKEY aisim =cd C:\AI\AISim\AISim\Release 
"Compiling coresightps_dcc"
arm-none-eabi-ar: creating ../../../lib/libxil.a

C:\AI\AIFPGA\sv\sv.sdk\start_bsp>DOSKEY sim =cd C:\AI\AIFPGA\sv\sv.srcs\sources_1\sim 

C:\AI\AIFPGA\sv\sv.sdk\start_bsp>DOSKEY yolo =cd C:\AI\AIYolo 

C:\AI\AIFPGA\sv\sv.sdk\start_bsp>DOSKEY aisim =cd C:\AI\AISim\AISim\Release 
"Running Make libs in ps7_cortexa9_0/libsrc/cpu_cortexa9_v2_7/src"
D:/Xilinx/SDK/2018.3/gnuwin/bin/make -C ps7_cortexa9_0/libsrc/cpu_cortexa9_v2_7/src -s libs  "SHELL=CMD" "COMPILER=arm-none-eabi-gcc" "ARCHIVER=arm-none-eabi-ar" "COMPILER_FLAGS=  -O2 -c" "EXTRA_COMPILER_FLAGS=-mcpu=cortex-a9 -mfpu=vfpv3 -mfloat-abi=hard -nostartfiles -g -Wall -Wextra"

C:\AI\AIFPGA\sv\sv.sdk\start_bsp\ps7_cortexa9_0\libsrc\cpu_cortexa9_v2_7\src>DOSKEY sim =cd C:\AI\AIFPGA\sv\sv.srcs\sources_1\sim 

C:\AI\AIFPGA\sv\sv.sdk\start_bsp\ps7_cortexa9_0\libsrc\cpu_cortexa9_v2_7\src>DOSKEY yolo =cd C:\AI\AIYolo 

C:\AI\AIFPGA\sv\sv.sdk\start_bsp\ps7_cortexa9_0\libsrc\cpu_cortexa9_v2_7\src>DOSKEY aisim =cd C:\AI\AISim\AISim\Release 
"Compiling cpu_cortexa9"

C:\AI\AIFPGA\sv\sv.sdk\start_bsp>DOSKEY sim =cd C:\AI\AIFPGA\sv\sv.srcs\sources_1\sim 

C:\AI\AIFPGA\sv\sv.sdk\start_bsp>DOSKEY yolo =cd C:\AI\AIYolo 

C:\AI\AIFPGA\sv\sv.sdk\start_bsp>DOSKEY aisim =cd C:\AI\AISim\AISim\Release 
"Running Make libs in ps7_cortexa9_0/libsrc/ddrps_v1_0/src"
D:/Xilinx/SDK/2018.3/gnuwin/bin/make -C ps7_cortexa9_0/libsrc/ddrps_v1_0/src -s libs  "SHELL=CMD" "COMPILER=arm-none-eabi-gcc" "ARCHIVER=arm-none-eabi-ar" "COMPILER_FLAGS=  -O2 -c" "EXTRA_COMPILER_FLAGS=-mcpu=cortex-a9 -mfpu=vfpv3 -mfloat-abi=hard -nostartfiles -g -Wall -Wextra"

C:\AI\AIFPGA\sv\sv.sdk\start_bsp\ps7_cortexa9_0\libsrc\ddrps_v1_0\src>DOSKEY sim =cd C:\AI\AIFPGA\sv\sv.srcs\sources_1\sim 

C:\AI\AIFPGA\sv\sv.sdk\start_bsp\ps7_cortexa9_0\libsrc\ddrps_v1_0\src>DOSKEY yolo =cd C:\AI\AIYolo 

C:\AI\AIFPGA\sv\sv.sdk\start_bsp\ps7_cortexa9_0\libsrc\ddrps_v1_0\src>DOSKEY aisim =cd C:\AI\AISim\AISim\Release 
"Compiling ddrps"

C:\AI\AIFPGA\sv\sv.sdk\start_bsp>DOSKEY sim =cd C:\AI\AIFPGA\sv\sv.srcs\sources_1\sim 

C:\AI\AIFPGA\sv\sv.sdk\start_bsp>DOSKEY yolo =cd C:\AI\AIYolo 

C:\AI\AIFPGA\sv\sv.sdk\start_bsp>DOSKEY aisim =cd C:\AI\AISim\AISim\Release 
"Running Make libs in ps7_cortexa9_0/libsrc/devcfg_v3_5/src"
D:/Xilinx/SDK/2018.3/gnuwin/bin/make -C ps7_cortexa9_0/libsrc/devcfg_v3_5/src -s libs  "SHELL=CMD" "COMPILER=arm-none-eabi-gcc" "ARCHIVER=arm-none-eabi-ar" "COMPILER_FLAGS=  -O2 -c" "EXTRA_COMPILER_FLAGS=-mcpu=cortex-a9 -mfpu=vfpv3 -mfloat-abi=hard -nostartfiles -g -Wall -Wextra"

C:\AI\AIFPGA\sv\sv.sdk\start_bsp\ps7_cortexa9_0\libsrc\devcfg_v3_5\src>DOSKEY sim =cd C:\AI\AIFPGA\sv\sv.srcs\sources_1\sim 

C:\AI\AIFPGA\sv\sv.sdk\start_bsp\ps7_cortexa9_0\libsrc\devcfg_v3_5\src>DOSKEY yolo =cd C:\AI\AIYolo 

C:\AI\AIFPGA\sv\sv.sdk\start_bsp\ps7_cortexa9_0\libsrc\devcfg_v3_5\src>DOSKEY aisim =cd C:\AI\AISim\AISim\Release 
"Compiling devcfg"

C:\AI\AIFPGA\sv\sv.sdk\start_bsp>DOSKEY sim =cd C:\AI\AIFPGA\sv\sv.srcs\sources_1\sim 

C:\AI\AIFPGA\sv\sv.sdk\start_bsp>DOSKEY yolo =cd C:\AI\AIYolo 

C:\AI\AIFPGA\sv\sv.sdk\start_bsp>DOSKEY aisim =cd C:\AI\AISim\AISim\Release 
"Running Make libs in ps7_cortexa9_0/libsrc/dmaps_v2_4/src"
D:/Xilinx/SDK/2018.3/gnuwin/bin/make -C ps7_cortexa9_0/libsrc/dmaps_v2_4/src -s libs  "SHELL=CMD" "COMPILER=arm-none-eabi-gcc" "ARCHIVER=arm-none-eabi-ar" "COMPILER_FLAGS=  -O2 -c" "EXTRA_COMPILER_FLAGS=-mcpu=cortex-a9 -mfpu=vfpv3 -mfloat-abi=hard -nostartfiles -g -Wall -Wextra"

C:\AI\AIFPGA\sv\sv.sdk\start_bsp\ps7_cortexa9_0\libsrc\dmaps_v2_4\src>DOSKEY sim =cd C:\AI\AIFPGA\sv\sv.srcs\sources_1\sim 

C:\AI\AIFPGA\sv\sv.sdk\start_bsp\ps7_cortexa9_0\libsrc\dmaps_v2_4\src>DOSKEY yolo =cd C:\AI\AIYolo 

C:\AI\AIFPGA\sv\sv.sdk\start_bsp\ps7_cortexa9_0\libsrc\dmaps_v2_4\src>DOSKEY aisim =cd C:\AI\AISim\AISim\Release 
"Compiling dmaps"

C:\AI\AIFPGA\sv\sv.sdk\start_bsp>DOSKEY sim =cd C:\AI\AIFPGA\sv\sv.srcs\sources_1\sim 

C:\AI\AIFPGA\sv\sv.sdk\start_bsp>DOSKEY yolo =cd C:\AI\AIYolo 

C:\AI\AIFPGA\sv\sv.sdk\start_bsp>DOSKEY aisim =cd C:\AI\AISim\AISim\Release 
"Running Make libs in ps7_cortexa9_0/libsrc/scugic_v3_10/src"
D:/Xilinx/SDK/2018.3/gnuwin/bin/make -C ps7_cortexa9_0/libsrc/scugic_v3_10/src -s libs  "SHELL=CMD" "COMPILER=arm-none-eabi-gcc" "ARCHIVER=arm-none-eabi-ar" "COMPILER_FLAGS=  -O2 -c" "EXTRA_COMPILER_FLAGS=-mcpu=cortex-a9 -mfpu=vfpv3 -mfloat-abi=hard -nostartfiles -g -Wall -Wextra"

C:\AI\AIFPGA\sv\sv.sdk\start_bsp\ps7_cortexa9_0\libsrc\scugic_v3_10\src>DOSKEY sim =cd C:\AI\AIFPGA\sv\sv.srcs\sources_1\sim 

C:\AI\AIFPGA\sv\sv.sdk\start_bsp\ps7_cortexa9_0\libsrc\scugic_v3_10\src>DOSKEY yolo =cd C:\AI\AIYolo 

C:\AI\AIFPGA\sv\sv.sdk\start_bsp\ps7_cortexa9_0\libsrc\scugic_v3_10\src>DOSKEY aisim =cd C:\AI\AISim\AISim\Release 
"Compiling scugic"

C:\AI\AIFPGA\sv\sv.sdk\start_bsp>DOSKEY sim =cd C:\AI\AIFPGA\sv\sv.srcs\sources_1\sim 

C:\AI\AIFPGA\sv\sv.sdk\start_bsp>DOSKEY yolo =cd C:\AI\AIYolo 

C:\AI\AIFPGA\sv\sv.sdk\start_bsp>DOSKEY aisim =cd C:\AI\AISim\AISim\Release 
"Running Make libs in ps7_cortexa9_0/libsrc/scutimer_v2_1/src"
D:/Xilinx/SDK/2018.3/gnuwin/bin/make -C ps7_cortexa9_0/libsrc/scutimer_v2_1/src -s libs  "SHELL=CMD" "COMPILER=arm-none-eabi-gcc" "ARCHIVER=arm-none-eabi-ar" "COMPILER_FLAGS=  -O2 -c" "EXTRA_COMPILER_FLAGS=-mcpu=cortex-a9 -mfpu=vfpv3 -mfloat-abi=hard -nostartfiles -g -Wall -Wextra"

C:\AI\AIFPGA\sv\sv.sdk\start_bsp\ps7_cortexa9_0\libsrc\scutimer_v2_1\src>DOSKEY sim =cd C:\AI\AIFPGA\sv\sv.srcs\sources_1\sim 

C:\AI\AIFPGA\sv\sv.sdk\start_bsp\ps7_cortexa9_0\libsrc\scutimer_v2_1\src>DOSKEY yolo =cd C:\AI\AIYolo 

C:\AI\AIFPGA\sv\sv.sdk\start_bsp\ps7_cortexa9_0\libsrc\scutimer_v2_1\src>DOSKEY aisim =cd C:\AI\AISim\AISim\Release 
"Compiling scutimer"

C:\AI\AIFPGA\sv\sv.sdk\start_bsp>DOSKEY sim =cd C:\AI\AIFPGA\sv\sv.srcs\sources_1\sim 

C:\AI\AIFPGA\sv\sv.sdk\start_bsp>DOSKEY yolo =cd C:\AI\AIYolo 

C:\AI\AIFPGA\sv\sv.sdk\start_bsp>DOSKEY aisim =cd C:\AI\AISim\AISim\Release 
"Running Make libs in ps7_cortexa9_0/libsrc/scuwdt_v2_1/src"
D:/Xilinx/SDK/2018.3/gnuwin/bin/make -C ps7_cortexa9_0/libsrc/scuwdt_v2_1/src -s libs  "SHELL=CMD" "COMPILER=arm-none-eabi-gcc" "ARCHIVER=arm-none-eabi-ar" "COMPILER_FLAGS=  -O2 -c" "EXTRA_COMPILER_FLAGS=-mcpu=cortex-a9 -mfpu=vfpv3 -mfloat-abi=hard -nostartfiles -g -Wall -Wextra"

C:\AI\AIFPGA\sv\sv.sdk\start_bsp\ps7_cortexa9_0\libsrc\scuwdt_v2_1\src>DOSKEY sim =cd C:\AI\AIFPGA\sv\sv.srcs\sources_1\sim 

C:\AI\AIFPGA\sv\sv.sdk\start_bsp\ps7_cortexa9_0\libsrc\scuwdt_v2_1\src>DOSKEY yolo =cd C:\AI\AIYolo 

C:\AI\AIFPGA\sv\sv.sdk\start_bsp\ps7_cortexa9_0\libsrc\scuwdt_v2_1\src>DOSKEY aisim =cd C:\AI\AISim\AISim\Release 
"Compiling scuwdt"

C:\AI\AIFPGA\sv\sv.sdk\start_bsp>DOSKEY sim =cd C:\AI\AIFPGA\sv\sv.srcs\sources_1\sim 

C:\AI\AIFPGA\sv\sv.sdk\start_bsp>DOSKEY yolo =cd C:\AI\AIYolo 

C:\AI\AIFPGA\sv\sv.sdk\start_bsp>DOSKEY aisim =cd C:\AI\AISim\AISim\Release 
"Running Make libs in ps7_cortexa9_0/libsrc/standalone_v6_8/src"
D:/Xilinx/SDK/2018.3/gnuwin/bin/make -C ps7_cortexa9_0/libsrc/standalone_v6_8/src -s libs  "SHELL=CMD" "COMPILER=arm-none-eabi-gcc" "ARCHIVER=arm-none-eabi-ar" "COMPILER_FLAGS=  -O2 -c" "EXTRA_COMPILER_FLAGS=-mcpu=cortex-a9 -mfpu=vfpv3 -mfloat-abi=hard -nostartfiles -g -Wall -Wextra"

C:\AI\AIFPGA\sv\sv.sdk\start_bsp\ps7_cortexa9_0\libsrc\standalone_v6_8\src>DOSKEY sim =cd C:\AI\AIFPGA\sv\sv.srcs\sources_1\sim 

C:\AI\AIFPGA\sv\sv.sdk\start_bsp\ps7_cortexa9_0\libsrc\standalone_v6_8\src>DOSKEY yolo =cd C:\AI\AIYolo 

C:\AI\AIFPGA\sv\sv.sdk\start_bsp\ps7_cortexa9_0\libsrc\standalone_v6_8\src>DOSKEY aisim =cd C:\AI\AISim\AISim\Release 
"Compiling standalone"
In file included from usleep.c:56:0:
xtime_l.h:87:9: note: #pragma message: For the sleep routines, Global timer is being used
 #pragma message ("For the sleep routines, Global timer is being used")
         ^~~~~~~
In file included from xil_sleeptimer.c:51:0:
xtime_l.h:87:9: note: #pragma message: For the sleep routines, Global timer is being used
 #pragma message ("For the sleep routines, Global timer is being used")
         ^~~~~~~
In file included from xtime_l.c:49:0:
xtime_l.h:87:9: note: #pragma message: For the sleep routines, Global timer is being used
 #pragma message ("For the sleep routines, Global timer is being used")
         ^~~~~~~
In file included from sleep.c:53:0:
xtime_l.h:87:9: note: #pragma message: For the sleep routines, Global timer is being used
 #pragma message ("For the sleep routines, Global timer is being used")
         ^~~~~~~

C:\AI\AIFPGA\sv\sv.sdk\start_bsp>DOSKEY sim =cd C:\AI\AIFPGA\sv\sv.srcs\sources_1\sim 

C:\AI\AIFPGA\sv\sv.sdk\start_bsp>DOSKEY yolo =cd C:\AI\AIYolo 

C:\AI\AIFPGA\sv\sv.sdk\start_bsp>DOSKEY aisim =cd C:\AI\AISim\AISim\Release 
"Running Make libs in ps7_cortexa9_0/libsrc/uartps_v3_7/src"
D:/Xilinx/SDK/2018.3/gnuwin/bin/make -C ps7_cortexa9_0/libsrc/uartps_v3_7/src -s libs  "SHELL=CMD" "COMPILER=arm-none-eabi-gcc" "ARCHIVER=arm-none-eabi-ar" "COMPILER_FLAGS=  -O2 -c" "EXTRA_COMPILER_FLAGS=-mcpu=cortex-a9 -mfpu=vfpv3 -mfloat-abi=hard -nostartfiles -g -Wall -Wextra"

C:\AI\AIFPGA\sv\sv.sdk\start_bsp\ps7_cortexa9_0\libsrc\uartps_v3_7\src>DOSKEY sim =cd C:\AI\AIFPGA\sv\sv.srcs\sources_1\sim 

C:\AI\AIFPGA\sv\sv.sdk\start_bsp\ps7_cortexa9_0\libsrc\uartps_v3_7\src>DOSKEY yolo =cd C:\AI\AIYolo 

C:\AI\AIFPGA\sv\sv.sdk\start_bsp\ps7_cortexa9_0\libsrc\uartps_v3_7\src>DOSKEY aisim =cd C:\AI\AISim\AISim\Release 
"Compiling uartps"

C:\AI\AIFPGA\sv\sv.sdk\start_bsp>DOSKEY sim =cd C:\AI\AIFPGA\sv\sv.srcs\sources_1\sim 

C:\AI\AIFPGA\sv\sv.sdk\start_bsp>DOSKEY yolo =cd C:\AI\AIYolo 

C:\AI\AIFPGA\sv\sv.sdk\start_bsp>DOSKEY aisim =cd C:\AI\AISim\AISim\Release 
"Running Make libs in ps7_cortexa9_0/libsrc/xadcps_v2_3/src"
D:/Xilinx/SDK/2018.3/gnuwin/bin/make -C ps7_cortexa9_0/libsrc/xadcps_v2_3/src -s libs  "SHELL=CMD" "COMPILER=arm-none-eabi-gcc" "ARCHIVER=arm-none-eabi-ar" "COMPILER_FLAGS=  -O2 -c" "EXTRA_COMPILER_FLAGS=-mcpu=cortex-a9 -mfpu=vfpv3 -mfloat-abi=hard -nostartfiles -g -Wall -Wextra"

C:\AI\AIFPGA\sv\sv.sdk\start_bsp\ps7_cortexa9_0\libsrc\xadcps_v2_3\src>DOSKEY sim =cd C:\AI\AIFPGA\sv\sv.srcs\sources_1\sim 

C:\AI\AIFPGA\sv\sv.sdk\start_bsp\ps7_cortexa9_0\libsrc\xadcps_v2_3\src>DOSKEY yolo =cd C:\AI\AIYolo 

C:\AI\AIFPGA\sv\sv.sdk\start_bsp\ps7_cortexa9_0\libsrc\xadcps_v2_3\src>DOSKEY aisim =cd C:\AI\AISim\AISim\Release 
"Compiling xadcps"

C:\AI\AIFPGA\sv\sv.sdk\start_bsp>DOSKEY sim =cd C:\AI\AIFPGA\sv\sv.srcs\sources_1\sim 

C:\AI\AIFPGA\sv\sv.sdk\start_bsp>DOSKEY yolo =cd C:\AI\AIYolo 

C:\AI\AIFPGA\sv\sv.sdk\start_bsp>DOSKEY aisim =cd C:\AI\AISim\AISim\Release 
'Finished building libraries'
13:47:23 **** Build of configuration Debug for project start ****
make pre-build main-build 
a9-linaro-pre-build-step

C:\AI\AIFPGA\sv\sv.sdk\start\Debug>DOSKEY sim =cd C:\AI\AIFPGA\sv\sv.srcs\sources_1\sim 

C:\AI\AIFPGA\sv\sv.sdk\start\Debug>DOSKEY yolo =cd C:\AI\AIYolo 

C:\AI\AIFPGA\sv\sv.sdk\start\Debug>DOSKEY aisim =cd C:\AI\AISim\AISim\Release 
 
Building file: ../src/helloworld.c
Invoking: ARM v7 gcc compiler
arm-none-eabi-gcc -Wall -O0 -g3 -c -fmessage-length=0 -MT"src/helloworld.o" -mcpu=cortex-a9 -mfpu=vfpv3 -mfloat-abi=hard -I../../start_bsp/ps7_cortexa9_0/include -MMD -MP -MF"src/helloworld.d" -MT"src/helloworld.o" -o "src/helloworld.o" "../src/helloworld.c"
Finished building: ../src/helloworld.c
 
Building file: ../src/platform.c
Invoking: ARM v7 gcc compiler
arm-none-eabi-gcc -Wall -O0 -g3 -c -fmessage-length=0 -MT"src/platform.o" -mcpu=cortex-a9 -mfpu=vfpv3 -mfloat-abi=hard -I../../start_bsp/ps7_cortexa9_0/include -MMD -MP -MF"src/platform.d" -MT"src/platform.o" -o "src/platform.o" "../src/platform.c"
Finished building: ../src/platform.c
 
Building target: start.elf
Invoking: ARM v7 gcc linker
arm-none-eabi-gcc -mcpu=cortex-a9 -mfpu=vfpv3 -mfloat-abi=hard -Wl,-build-id=none -specs=Xilinx.spec -Wl,-T -Wl,../src/lscript.ld -L../../start_bsp/ps7_cortexa9_0/lib -o "start.elf"  ./src/helloworld.o ./src/platform.o   -Wl,--start-group,-lxil,-lgcc,-lc,--end-group
Finished building target: start.elf
 
Invoking: ARM v7 Print Size
arm-none-eabi-size start.elf  |tee "start.elf.size"
   text	   data	    bss	    dec	    hex	filename
  19348	   1144	  22568	  43060	   a834	start.elf
Finished building: start.elf.size
 
