13:47:23 **** Build of configuration Debug for project start ****
make pre-build main-build 
a9-linaro-pre-build-step

C:\AI\AIFPGA\sv\sv.sdk\start\Debug>DOSKEY sim =cd C:\AI\AIFPGA\sv\sv.srcs\sources_1\sim 

C:\AI\AIFPGA\sv\sv.sdk\start\Debug>DOSKEY yolo =cd C:\AI\AIYolo 

C:\AI\AIFPGA\sv\sv.sdk\start\Debug>DOSKEY aisim =cd C:\AI\AISim\AISim\Release 
 
Building file: ../src/helloworld.c
Invoking: ARM v7 gcc compiler
arm-none-eabi-gcc -Wall -O0 -g3 -c -fmessage-length=0 -MT"src/helloworld.o" -mcpu=cortex-a9 -mfpu=vfpv3 -mfloat-abi=hard -I../../start_bsp/ps7_cortexa9_0/include -MMD -MP -MF"src/helloworld.d" -MT"src/helloworld.o" -o "src/helloworld.o" "../src/helloworld.c"
Finished building: ../src/helloworld.c
 
Building file: ../src/platform.c
Invoking: ARM v7 gcc compiler
arm-none-eabi-gcc -Wall -O0 -g3 -c -fmessage-length=0 -MT"src/platform.o" -mcpu=cortex-a9 -mfpu=vfpv3 -mfloat-abi=hard -I../../start_bsp/ps7_cortexa9_0/include -MMD -MP -MF"src/platform.d" -MT"src/platform.o" -o "src/platform.o" "../src/platform.c"
Finished building: ../src/platform.c
 
Building target: start.elf
Invoking: ARM v7 gcc linker
arm-none-eabi-gcc -mcpu=cortex-a9 -mfpu=vfpv3 -mfloat-abi=hard -Wl,-build-id=none -specs=Xilinx.spec -Wl,-T -Wl,../src/lscript.ld -L../../start_bsp/ps7_cortexa9_0/lib -o "start.elf"  ./src/helloworld.o ./src/platform.o   -Wl,--start-group,-lxil,-lgcc,-lc,--end-group
Finished building target: start.elf
 
Invoking: ARM v7 Print Size
arm-none-eabi-size start.elf  |tee "start.elf.size"
   text	   data	    bss	    dec	    hex	filename
  19348	   1144	  22568	  43060	   a834	start.elf
Finished building: start.elf.size
 

13:47:25 Build Finished (took 1s.494ms)

